Archive member included to satisfy reference by file (symbol)

C:/Program Files/SEGGER/SEGGER Embedded Studio for ARM 6.30/lib/libc_v7em_fpv4_sp_d16_hard_t_le_eabi_balanced.a(mbops.o)
                              Output/Debug/Obj/Free_RTOS_Task_creation/nrf_log_str_formatter.o (isprint)
C:/Program Files/SEGGER/SEGGER Embedded Studio for ARM 6.30/lib/libc_v7em_fpv4_sp_d16_hard_t_le_eabi_balanced.a(sortops.o)
                              C:/Program Files/SEGGER/SEGGER Embedded Studio for ARM 6.30/lib/libc_v7em_fpv4_sp_d16_hard_t_le_eabi_balanced.a(mbops.o) (bsearch)
C:/Program Files/SEGGER/SEGGER Embedded Studio for ARM 6.30/lib/libc_v7em_fpv4_sp_d16_hard_t_le_eabi_balanced.a(strasmops_arm.o)
                              Output/Debug/Obj/Free_RTOS_Task_creation/nrf_log_frontend.o (strlen)
C:/Program Files/SEGGER/SEGGER Embedded Studio for ARM 6.30/lib/libc_v7em_fpv4_sp_d16_hard_t_le_eabi_balanced.a(strops.o)
                              C:/Program Files/SEGGER/SEGGER Embedded Studio for ARM 6.30/lib/libc_v7em_fpv4_sp_d16_hard_t_le_eabi_balanced.a(mbops.o) (strcat)
C:/Program Files/SEGGER/SEGGER Embedded Studio for ARM 6.30/lib/libc_v7em_fpv4_sp_d16_hard_t_le_eabi_balanced.a(timeops.o)
                              C:/Program Files/SEGGER/SEGGER Embedded Studio for ARM 6.30/lib/libc_v7em_fpv4_sp_d16_hard_t_le_eabi_balanced.a(mbops.o) (__SEGGER_RTL_string_list_encode)
C:/Program Files/SEGGER/SEGGER Embedded Studio for ARM 6.30/lib/libc_v7em_fpv4_sp_d16_hard_t_le_eabi_balanced.a(__SEGGER_RTL_vfprintf_long.o)
                              (__SEGGER_RTL_vfprintf_long)
C:/Program Files/SEGGER/SEGGER Embedded Studio for ARM 6.30/lib/libc_v7em_fpv4_sp_d16_hard_t_le_eabi_balanced.a(__SEGGER_RTL_vfscanf_long.o)
                              (__SEGGER_RTL_vfscanf_long)
C:/Program Files/SEGGER/SEGGER Embedded Studio for ARM 6.30/lib/libc_v7em_fpv4_sp_d16_hard_t_le_eabi_balanced.a(errno.o)
                              C:/Program Files/SEGGER/SEGGER Embedded Studio for ARM 6.30/lib/libc_v7em_fpv4_sp_d16_hard_t_le_eabi_balanced.a(mbops.o) (__aeabi_errno_addr)
C:/Program Files/SEGGER/SEGGER Embedded Studio for ARM 6.30/lib/libc_v7em_fpv4_sp_d16_hard_t_le_eabi_balanced.a(floatasmops_arm.o)
                              C:/Program Files/SEGGER/SEGGER Embedded Studio for ARM 6.30/lib/libc_v7em_fpv4_sp_d16_hard_t_le_eabi_balanced.a(timeops.o) (__aeabi_i2d)
C:/Program Files/SEGGER/SEGGER Embedded Studio for ARM 6.30/lib/libc_v7em_fpv4_sp_d16_hard_t_le_eabi_balanced.a(heapops.o)
                              C:/Program Files/SEGGER/SEGGER Embedded Studio for ARM 6.30/lib/libc_v7em_fpv4_sp_d16_hard_t_le_eabi_balanced.a(mbops.o) (malloc)
C:/Program Files/SEGGER/SEGGER Embedded Studio for ARM 6.30/lib/libc_v7em_fpv4_sp_d16_hard_t_le_eabi_balanced.a(intasmops_arm.o)
                              C:/Program Files/SEGGER/SEGGER Embedded Studio for ARM 6.30/lib/libc_v7em_fpv4_sp_d16_hard_t_le_eabi_balanced.a(__SEGGER_RTL_vfprintf_long.o) (__aeabi_uldivmod)
C:/Program Files/SEGGER/SEGGER Embedded Studio for ARM 6.30/lib/libc_v7em_fpv4_sp_d16_hard_t_le_eabi_balanced.a(intops.o)
                              C:/Program Files/SEGGER/SEGGER Embedded Studio for ARM 6.30/lib/libc_v7em_fpv4_sp_d16_hard_t_le_eabi_balanced.a(timeops.o) (div)
C:/Program Files/SEGGER/SEGGER Embedded Studio for ARM 6.30/lib/libc_v7em_fpv4_sp_d16_hard_t_le_eabi_balanced.a(utilops.o)
                              C:/Program Files/SEGGER/SEGGER Embedded Studio for ARM 6.30/lib/libc_v7em_fpv4_sp_d16_hard_t_le_eabi_balanced.a(__SEGGER_RTL_vfscanf_long.o) (__SEGGER_RTL_digit)
C:/Program Files/SEGGER/SEGGER Embedded Studio for ARM 6.30/lib/libc_v7em_fpv4_sp_d16_hard_t_le_eabi_balanced.a(prinops.o)
                              C:/Program Files/SEGGER/SEGGER Embedded Studio for ARM 6.30/lib/libc_v7em_fpv4_sp_d16_hard_t_le_eabi_balanced.a(__SEGGER_RTL_vfprintf_long.o) (__SEGGER_RTL_putc)
C:/Program Files/SEGGER/SEGGER Embedded Studio for ARM 6.30/lib/libc_v7em_fpv4_sp_d16_hard_t_le_eabi_balanced.a(fileops.o)
                              C:/Program Files/SEGGER/SEGGER Embedded Studio for ARM 6.30/lib/libc_v7em_fpv4_sp_d16_hard_t_le_eabi_balanced.a(prinops.o) (fwrite)
C:/Program Files/SEGGER/SEGGER Embedded Studio for ARM 6.30/lib/heapops_basic_v7em_little.a(heapops_basic.o)
                              C:/Program Files/SEGGER/SEGGER Embedded Studio for ARM 6.30/lib/libc_v7em_fpv4_sp_d16_hard_t_le_eabi_balanced.a(heapops.o) (__SEGGER_RTL_alloc)

Discarded input sections

 .text          0x0000000000000000        0x0 Output/Debug/Obj/Free_RTOS_Task_creation/thumb_crt0.o
 .data          0x0000000000000000        0x0 Output/Debug/Obj/Free_RTOS_Task_creation/thumb_crt0.o
 .bss           0x0000000000000000        0x0 Output/Debug/Obj/Free_RTOS_Task_creation/thumb_crt0.o
 .text.__aeabi_read_tp
                0x0000000000000000        0x8 Output/Debug/Obj/Free_RTOS_Task_creation/thumb_crt0.o
[...]
Memory Configuration

Name             Origin             Length             Attributes
UNPLACED_SECTIONS 0x0000000100000000 0x0000000000000000 xw
RAM1             0x0000000020000000 0x0000000000040000 xw
FLASH1           0x0000000000000000 0x0000000000100000 xw
*default*        0x0000000000000000 0xffffffffffffffff

Linker script and memory map

                0x0000000000000000                __SEGGER_RTL_vfprintf = __SEGGER_RTL_vfprintf_long
                0x0000000000000000                __SEGGER_RTL_vfscanf = __SEGGER_RTL_vfscanf_long
                0x0000000020000000                __RAM1_segment_start__ = 0x20000000
                0x0000000020040000                __RAM1_segment_end__ = 0x20040000
                0x0000000000040000                __RAM1_segment_size__ = 0x40000
                0x0000000000000000                __FLASH1_segment_start__ = 0x0
                0x0000000000100000                __FLASH1_segment_end__ = 0x100000
                0x0000000000100000                __FLASH1_segment_size__ = 0x100000
                0x0000000000002000                __HEAPSIZE__ = 0x2000
                0x0000000000000000                __STACKSIZE_PROCESS__ = 0x0
                0x0000000000002000                __STACKSIZE__ = 0x2000
                0x0000000020000000                __vectors_ram_load_start__ = 0x20000000

.vectors_ram    0x0000000020000000        0x0
                0x0000000020000000                __vectors_ram_start__ = .
                0x0000000020000000                __app_ram_start__ = __vectors_ram_start__
 *(.vectors_ram .vectors_ram.*)
                0x0000000020000000                __vectors_ram_end__ = (__vectors_ram_start__ + SIZEOF (.vectors_ram))
                0x0000000000000000                __vectors_ram_size__ = SIZEOF (.vectors_ram)
                0x0000000020000000                __vectors_ram_load_end__ = __vectors_ram_end__
                0x0000000000000001                . = ASSERT (((__vectors_ram_start__ == __vectors_ram_end__) || ((__vectors_ram_end__ - __RAM1_segment_start__) <= __RAM1_segment_size__)), error: .vectors_ram is too large to fit in RAM1 memory segment)
                0x0000000020000000                __nrf_sections_run_load_start__ = ALIGN (__vectors_ram_end__, 0x4)

.nrf_sections_run
                0x0000000020000000        0x0
                0x0000000020000000                __nrf_sections_run_start__ = .
                0x0000000020000000                __start_nrf_sections_run = __nrf_sections_run_start__
 *(.nrf_sections_run .nrf_sections_run.*)
                0x0000000020000000                __nrf_sections_run_end__ = (__nrf_sections_run_start__ + SIZEOF (.nrf_sections_run))
                0x0000000000000000                __nrf_sections_run_size__ = SIZEOF (.nrf_sections_run)
                0x0000000020000000                __nrf_sections_run_load_end__ = __nrf_sections_run_end__
                0x0000000000000001                . = ASSERT (((__nrf_sections_run_start__ == __nrf_sections_run_end__) || ((__nrf_sections_run_end__ - __RAM1_segment_start__) <= __RAM1_segment_size__)), error: .nrf_sections_run is too large to fit in RAM1 memory segment)
                0x0000000000000000                __vectors_load_start__ = 0x0

.vectors        0x0000000000000000      0x200
                0x0000000000000000                __vectors_start__ = .
 *(.vectors .vectors.*)
 .vectors       0x0000000000000000      0x200 Output/Debug/Obj/Free_RTOS_Task_creation/ses_startup_nrf52840.o
                0x0000000000000000                _vectors
                0x0000000000000200                __vectors_end__ = (__vectors_start__ + SIZEOF (.vectors))
                0x0000000000000200                __vectors_size__ = SIZEOF (.vectors)
                0x0000000000000200                __vectors_load_end__ = __vectors_end__
                0x0000000000000001                . = ASSERT (((__vectors_start__ == __vectors_end__) || ((__vectors_end__ - __FLASH1_segment_start__) <= __FLASH1_segment_size__)), error: .vectors is too large to fit in FLASH1 memory segment)
                0x0000000000000200                __init_load_start__ = ALIGN (__vectors_end__, 0x4)

.init           0x0000000000000200      0x1cc
                0x0000000000000200                __init_start__ = .
 *(.init .init.*)
 .init          0x0000000000000200      0x158 Output/Debug/Obj/Free_RTOS_Task_creation/thumb_crt0.o
                0x0000000000000200                _start
                0x00000000000002ae                exit
 .init          0x0000000000000358       0x18 Output/Debug/Obj/Free_RTOS_Task_creation/ses_startup_nrf52840.o
                0x0000000000000358                NMI_Handler
                0x000000000000035a                HardFault_Handler
                0x000000000000035c                MemoryManagement_Handler
                0x000000000000035e                BusFault_Handler
                0x0000000000000360                UsageFault_Handler
                0x0000000000000364                DebugMon_Handler
                0x0000000000000368                SysTick_Handler
                0x000000000000036a                SWI2_EGU2_IRQHandler
                0x000000000000036a                PWM1_IRQHandler
                0x000000000000036a                RTC0_IRQHandler
                0x000000000000036a                RADIO_IRQHandler
                0x000000000000036a                PDM_IRQHandler
                0x000000000000036a                QSPI_IRQHandler
                0x000000000000036a                QDEC_IRQHandler
                0x000000000000036a                TIMER3_IRQHandler
                0x000000000000036a                PWM3_IRQHandler
                0x000000000000036a                FPU_IRQHandler
                0x000000000000036a                USBD_IRQHandler
                0x000000000000036a                SPIM0_SPIS0_TWIM0_TWIS0_SPI0_TWI0_IRQHandler
                0x000000000000036a                TEMP_IRQHandler
                0x000000000000036a                UARTE0_UART0_IRQHandler
                0x000000000000036a                TIMER4_IRQHandler
                0x000000000000036a                SWI0_EGU0_IRQHandler
                0x000000000000036a                I2S_IRQHandler
                0x000000000000036a                SWI4_EGU4_IRQHandler
                0x000000000000036a                TIMER0_IRQHandler
                0x000000000000036a                UARTE1_IRQHandler
                0x000000000000036a                Dummy_Handler
                0x000000000000036a                TIMER1_IRQHandler
                0x000000000000036a                SPIM3_IRQHandler
                0x000000000000036a                PWM2_IRQHandler
                0x000000000000036a                ECB_IRQHandler
                0x000000000000036a                SPIM1_SPIS1_TWIM1_TWIS1_SPI1_TWI1_IRQHandler
                0x000000000000036a                SAADC_IRQHandler
                0x000000000000036a                CCM_AAR_IRQHandler
                0x000000000000036a                WDT_IRQHandler
                0x000000000000036a                SWI5_EGU5_IRQHandler
                0x000000000000036a                RNG_IRQHandler
                0x000000000000036a                RTC2_IRQHandler
                0x000000000000036a                PWM0_IRQHandler
                0x000000000000036a                SWI3_EGU3_IRQHandler
                0x000000000000036a                SWI1_EGU1_IRQHandler
                0x000000000000036a                SPIM2_SPIS2_SPI2_IRQHandler
                0x000000000000036a                NFCT_IRQHandler
                0x000000000000036a                CRYPTOCELL_IRQHandler
                0x000000000000036a                MWU_IRQHandler
                0x000000000000036a                TIMER2_IRQHandler
                0x000000000000036a                COMP_LPCOMP_IRQHandler
                0x000000000000036c                nRFInitialize
 .init          0x0000000000000370       0x5c Output/Debug/Obj/Free_RTOS_Task_creation/ses_startup_nrf_common.o
                0x0000000000000370                Reset_Handler
                0x0000000000000374                afterInitialize
                0x0000000000000398                InitializeUserMemorySections
                0x00000000000003cc                __init_end__ = (__init_start__ + SIZEOF (.init))
                0x00000000000001cc                __init_size__ = SIZEOF (.init)
                0x00000000000003cc                __init_load_end__ = __init_end__
                0x0000000000000001                . = ASSERT (((__init_start__ == __init_end__) || ((__init_end__ - __FLASH1_segment_start__) <= __FLASH1_segment_size__)), error: .init is too large to fit in FLASH1 memory segment)
                0x00000000000003cc                __init_rodata_load_start__ = ALIGN (__init_end__, 0x4)

.init_rodata    0x00000000000003cc        0x0
                0x00000000000003cc                __init_rodata_start__ = .
 *(.init_rodata .init_rodata.*)
                0x00000000000003cc                __init_rodata_end__ = (__init_rodata_start__ + SIZEOF (.init_rodata))
                0x0000000000000000                __init_rodata_size__ = SIZEOF (.init_rodata)
                0x00000000000003cc                __init_rodata_load_end__ = __init_rodata_end__
                0x0000000000000001                . = ASSERT (((__init_rodata_start__ == __init_rodata_end__) || ((__init_rodata_end__ - __FLASH1_segment_start__) <= __FLASH1_segment_size__)), error: .init_rodata is too large to fit in FLASH1 memory segment)
                0x00000000000003cc                __text_load_start__ = ALIGN (__init_rodata_end__, 0x4)

.text           0x00000000000003cc     0x5928
                0x00000000000003cc                __text_start__ = .
 *(.text .text.* .gnu.linkonce.t.* .glue_7t .glue_7 .gcc_except_table .ARM.extab* .gnu.linkonce.armextab.*)
 .glue_7        0x00000000000003cc        0x0 linker stubs
 .glue_7t       0x00000000000003cc        0x0 linker stubs
 .text.nrf_log_backend_put
                0x00000000000003cc       0x1c Output/Debug/Obj/Free_RTOS_Task_creation/nrf_log_frontend.o
 .text.nrf_log_backend_panic_set
                0x00000000000003e8       0x18 Output/Debug/Obj/Free_RTOS_Task_creation/nrf_log_frontend.o
 .text.nrf_log_backend_flush
                0x0000000000000400       0x18 Output/Debug/Obj/Free_RTOS_Task_creation/nrf_log_frontend.o
 .text.nrf_log_backend_enable
                0x0000000000000418       0x12 Output/Debug/Obj/Free_RTOS_Task_creation/nrf_log_frontend.o
 .text.nrf_log_backend_is_enabled
                0x000000000000042a       0x10 Output/Debug/Obj/Free_RTOS_Task_creation/nrf_log_frontend.o
 *fill*         0x000000000000043a        0x2 
 .text.nrf_log_module_cnt_get
                0x000000000000043c       0x14 Output/Debug/Obj/Free_RTOS_Task_creation/nrf_log_frontend.o
                0x000000000000043c                nrf_log_module_cnt_get
 .text.invalid_packets_omit
                0x0000000000000450       0x6e Output/Debug/Obj/Free_RTOS_Task_creation/nrf_log_frontend.o
 *fill*         0x00000000000004be        0x2 
 .text.log_skip
                0x00000000000004c0      0x118 Output/Debug/Obj/Free_RTOS_Task_creation/nrf_log_frontend.o
 .text.dropped_sat16_get
                0x00000000000005d8       0x28 Output/Debug/Obj/Free_RTOS_Task_creation/nrf_log_frontend.o
 .text.std_header_set
                0x0000000000000600       0xb4 Output/Debug/Obj/Free_RTOS_Task_creation/nrf_log_frontend.o
 .text.log_pending_hook
                0x00000000000006b4        0x4 Output/Debug/Obj/Free_RTOS_Task_creation/nrf_log_frontend.o
                0x00000000000006b4                log_pending_hook
 .text.buf_prealloc
                0x00000000000006b8      0x128 Output/Debug/Obj/Free_RTOS_Task_creation/nrf_log_frontend.o
 .text.std_n    0x00000000000007e0       0x98 Output/Debug/Obj/Free_RTOS_Task_creation/nrf_log_frontend.o
 .text.nrf_log_frontend_std_0
                0x0000000000000878       0x1c Output/Debug/Obj/Free_RTOS_Task_creation/nrf_log_frontend.o
                0x0000000000000878                nrf_log_frontend_std_0
 .text.nrf_log_frontend_std_1
                0x0000000000000894       0x22 Output/Debug/Obj/Free_RTOS_Task_creation/nrf_log_frontend.o
                0x0000000000000894                nrf_log_frontend_std_1
 .text.nrf_log_frontend_std_2
                0x00000000000008b6       0x28 Output/Debug/Obj/Free_RTOS_Task_creation/nrf_log_frontend.o
                0x00000000000008b6                nrf_log_frontend_std_2
 .text.nrf_log_frontend_std_5
                0x00000000000008de       0x34 Output/Debug/Obj/Free_RTOS_Task_creation/nrf_log_frontend.o
                0x00000000000008de                nrf_log_frontend_std_5
 *fill*         0x0000000000000912        0x2 
 .text.buffer_is_empty
                0x0000000000000914       0x1c Output/Debug/Obj/Free_RTOS_Task_creation/nrf_log_frontend.o
                0x0000000000000914                buffer_is_empty
 .text.nrf_log_frontend_dequeue
                0x0000000000000930      0x3a0 Output/Debug/Obj/Free_RTOS_Task_creation/nrf_log_frontend.o
                0x0000000000000930                nrf_log_frontend_dequeue
 .text.nrf_log_panic
                0x0000000000000cd0       0x3c Output/Debug/Obj/Free_RTOS_Task_creation/nrf_log_frontend.o
                0x0000000000000cd0                nrf_log_panic
 .text.nrf_gpio_pin_port_decode
                0x0000000000000d0c       0x4c Output/Debug/Obj/Free_RTOS_Task_creation/boards.o
 .text.nrf_gpio_cfg
                0x0000000000000d58       0x62 Output/Debug/Obj/Free_RTOS_Task_creation/boards.o
 .text.nrf_gpio_cfg_output
                0x0000000000000dba       0x22 Output/Debug/Obj/Free_RTOS_Task_creation/boards.o
 .text.nrf_gpio_cfg_input
                0x0000000000000ddc       0x2a Output/Debug/Obj/Free_RTOS_Task_creation/boards.o
 .text.nrf_gpio_pin_set
                0x0000000000000e06       0x28 Output/Debug/Obj/Free_RTOS_Task_creation/boards.o
 .text.nrf_gpio_pin_clear
                0x0000000000000e2e       0x28 Output/Debug/Obj/Free_RTOS_Task_creation/boards.o
 .text.nrf_gpio_pin_toggle
                0x0000000000000e56       0x44 Output/Debug/Obj/Free_RTOS_Task_creation/boards.o
 .text.nrf_gpio_pin_write
                0x0000000000000e9a       0x24 Output/Debug/Obj/Free_RTOS_Task_creation/boards.o
 .text.nrf_gpio_port_out_set
                0x0000000000000ebe       0x14 Output/Debug/Obj/Free_RTOS_Task_creation/boards.o
 .text.nrf_gpio_port_out_clear
                0x0000000000000ed2       0x14 Output/Debug/Obj/Free_RTOS_Task_creation/boards.o
 .text.nrf_gpio_pin_present_check
                0x0000000000000ee6       0x50 Output/Debug/Obj/Free_RTOS_Task_creation/boards.o
 *fill*         0x0000000000000f36        0x2 
 .text.bsp_board_led_off
                0x0000000000000f38       0x34 Output/Debug/Obj/Free_RTOS_Task_creation/boards.o
                0x0000000000000f38                bsp_board_led_off
 .text.bsp_board_leds_off
                0x0000000000000f6c       0x26 Output/Debug/Obj/Free_RTOS_Task_creation/boards.o
                0x0000000000000f6c                bsp_board_leds_off
 *fill*         0x0000000000000f92        0x2 
 .text.bsp_board_led_invert
                0x0000000000000f94       0x34 Output/Debug/Obj/Free_RTOS_Task_creation/boards.o
                0x0000000000000f94                bsp_board_led_invert
 .text.bsp_board_leds_init
                0x0000000000000fc8       0x34 Output/Debug/Obj/Free_RTOS_Task_creation/boards.o
 .text.bsp_board_buttons_init
                0x0000000000000ffc       0x34 Output/Debug/Obj/Free_RTOS_Task_creation/boards.o
 .text.bsp_board_init
                0x0000000000001030       0x2a Output/Debug/Obj/Free_RTOS_Task_creation/boards.o
                0x0000000000001030                bsp_board_init
 *fill*         0x000000000000105a        0x2 
 .text.pvPortMalloc
                0x000000000000105c       0x88 Output/Debug/Obj/Free_RTOS_Task_creation/heap_1.o
                0x000000000000105c                pvPortMalloc
 .text.vPortFree
                0x00000000000010e4       0x20 Output/Debug/Obj/Free_RTOS_Task_creation/heap_1.o
                0x00000000000010e4                vPortFree
 .text.vListInitialise
                0x0000000000001104       0x36 Output/Debug/Obj/Free_RTOS_Task_creation/list.o
                0x0000000000001104                vListInitialise
 .text.vListInitialiseItem
                0x000000000000113a       0x10 Output/Debug/Obj/Free_RTOS_Task_creation/list.o
                0x000000000000113a                vListInitialiseItem
 .text.vListInsertEnd
                0x000000000000114a       0x3e Output/Debug/Obj/Free_RTOS_Task_creation/list.o
                0x000000000000114a                vListInsertEnd
 .text.vListInsert
                0x0000000000001188       0x68 Output/Debug/Obj/Free_RTOS_Task_creation/list.o
                0x0000000000001188                vListInsert
 .text.uxListRemove
                0x00000000000011f0       0x4a Output/Debug/Obj/Free_RTOS_Task_creation/list.o
                0x00000000000011f0                uxListRemove
 *fill*         0x000000000000123a        0x2 
 .text.vPortStartFirstTask
                0x000000000000123c       0x20 Output/Debug/Obj/Free_RTOS_Task_creation/port.o
                0x000000000000123c                vPortStartFirstTask
 .text.SVC_Handler
                0x000000000000125c       0x24 Output/Debug/Obj/Free_RTOS_Task_creation/port.o
                0x000000000000125c                SVC_Handler
 .text.PendSV_Handler
                0x0000000000001280       0x64 Output/Debug/Obj/Free_RTOS_Task_creation/port.o
                0x0000000000001280                PendSV_Handler
 .text.__NVIC_GetPriorityGrouping
                0x00000000000012e4       0x14 Output/Debug/Obj/Free_RTOS_Task_creation/port_cmsis.o
 .text.__NVIC_SetPriority
                0x00000000000012f8       0x50 Output/Debug/Obj/Free_RTOS_Task_creation/port_cmsis.o
 .text.pxPortInitialiseStack
                0x0000000000001348       0x60 Output/Debug/Obj/Free_RTOS_Task_creation/port_cmsis.o
                0x0000000000001348                pxPortInitialiseStack
 .text.prvTaskExitError
                0x00000000000013a8       0x2c Output/Debug/Obj/Free_RTOS_Task_creation/port_cmsis.o
 .text.xPortStartScheduler
                0x00000000000013d4       0xe8 Output/Debug/Obj/Free_RTOS_Task_creation/port_cmsis.o
                0x00000000000013d4                xPortStartScheduler
 .text.vPortEnterCritical
                0x00000000000014bc       0x4c Output/Debug/Obj/Free_RTOS_Task_creation/port_cmsis.o
                0x00000000000014bc                vPortEnterCritical
 .text.vPortExitCritical
                0x0000000000001508       0x44 Output/Debug/Obj/Free_RTOS_Task_creation/port_cmsis.o
                0x0000000000001508                vPortExitCritical
 .text.vPortEnableVFP
                0x000000000000154c       0x18 Output/Debug/Obj/Free_RTOS_Task_creation/port_cmsis.o
 .text.vPortValidateInterruptPriority
                0x0000000000001564       0x78 Output/Debug/Obj/Free_RTOS_Task_creation/port_cmsis.o
                0x0000000000001564                vPortValidateInterruptPriority
 .text.__NVIC_EnableIRQ
                0x00000000000015dc       0x34 Output/Debug/Obj/Free_RTOS_Task_creation/port_cmsis_systick.o
 .text.__NVIC_ClearPendingIRQ
                0x0000000000001610       0x38 Output/Debug/Obj/Free_RTOS_Task_creation/port_cmsis_systick.o
 .text.__NVIC_SetPriority
                0x0000000000001648       0x50 Output/Debug/Obj/Free_RTOS_Task_creation/port_cmsis_systick.o
 .text.ulPortRaiseBASEPRI
                0x0000000000001698       0x20 Output/Debug/Obj/Free_RTOS_Task_creation/port_cmsis_systick.o
 .text.nrf_rtc_cc_set
                0x00000000000016b8       0x1c Output/Debug/Obj/Free_RTOS_Task_creation/port_cmsis_systick.o
 .text.nrf_rtc_int_enable
                0x00000000000016d4       0x14 Output/Debug/Obj/Free_RTOS_Task_creation/port_cmsis_systick.o
 .text.nrf_rtc_int_disable
                0x00000000000016e8       0x14 Output/Debug/Obj/Free_RTOS_Task_creation/port_cmsis_systick.o
 .text.nrf_rtc_event_clear
                0x00000000000016fc       0x2a Output/Debug/Obj/Free_RTOS_Task_creation/port_cmsis_systick.o
 .text.nrf_rtc_counter_get
                0x0000000000001726       0x10 Output/Debug/Obj/Free_RTOS_Task_creation/port_cmsis_systick.o
 *fill*         0x0000000000001736        0x2 
 .text.nrf_rtc_prescaler_set
                0x0000000000001738       0x30 Output/Debug/Obj/Free_RTOS_Task_creation/port_cmsis_systick.o
 .text.nrf_rtc_task_trigger
                0x0000000000001768       0x1e Output/Debug/Obj/Free_RTOS_Task_creation/port_cmsis_systick.o
 .text.nrf_rtc_event_enable
                0x0000000000001786       0x14 Output/Debug/Obj/Free_RTOS_Task_creation/port_cmsis_systick.o
 *fill*         0x000000000000179a        0x2 
 .text.RTC1_IRQHandler
                0x000000000000179c       0x94 Output/Debug/Obj/Free_RTOS_Task_creation/port_cmsis_systick.o
                0x000000000000179c                RTC1_IRQHandler
 .text.vPortSetupTimerInterrupt
                0x0000000000001830       0x48 Output/Debug/Obj/Free_RTOS_Task_creation/port_cmsis_systick.o
                0x0000000000001830                vPortSetupTimerInterrupt
 .text.vPortSuppressTicksAndSleep
                0x0000000000001878       0xf0 Output/Debug/Obj/Free_RTOS_Task_creation/port_cmsis_systick.o
                0x0000000000001878                vPortSuppressTicksAndSleep
 .text.ulPortRaiseBASEPRI
                0x0000000000001968       0x20 Output/Debug/Obj/Free_RTOS_Task_creation/queue.o
 .text.xQueueGenericReset
                0x0000000000001988       0xc8 Output/Debug/Obj/Free_RTOS_Task_creation/queue.o
                0x0000000000001988                xQueueGenericReset
 .text.xQueueGenericCreate
                0x0000000000001a50       0x70 Output/Debug/Obj/Free_RTOS_Task_creation/queue.o
                0x0000000000001a50                xQueueGenericCreate
 .text.prvInitialiseNewQueue
                0x0000000000001ac0       0x3e Output/Debug/Obj/Free_RTOS_Task_creation/queue.o
 *fill*         0x0000000000001afe        0x2 
 .text.xQueueGenericSend
                0x0000000000001b00      0x1c0 Output/Debug/Obj/Free_RTOS_Task_creation/queue.o
                0x0000000000001b00                xQueueGenericSend
 .text.xQueueGenericSendFromISR
                0x0000000000001cc0       0xe4 Output/Debug/Obj/Free_RTOS_Task_creation/queue.o
                0x0000000000001cc0                xQueueGenericSendFromISR
 .text.xQueueReceive
                0x0000000000001da4      0x194 Output/Debug/Obj/Free_RTOS_Task_creation/queue.o
                0x0000000000001da4                xQueueReceive
 .text.prvCopyDataToQueue
                0x0000000000001f38       0xd2 Output/Debug/Obj/Free_RTOS_Task_creation/queue.o
 .text.prvCopyDataFromQueue
                0x000000000000200a       0x4a Output/Debug/Obj/Free_RTOS_Task_creation/queue.o
 .text.prvUnlockQueue
                0x0000000000002054       0xae Output/Debug/Obj/Free_RTOS_Task_creation/queue.o
 .text.prvIsQueueEmpty
                0x0000000000002102       0x2a Output/Debug/Obj/Free_RTOS_Task_creation/queue.o
 .text.prvIsQueueFull
                0x000000000000212c       0x2e Output/Debug/Obj/Free_RTOS_Task_creation/queue.o
 *fill*         0x000000000000215a        0x2 
 .text.vQueueAddToRegistry
                0x000000000000215c       0x48 Output/Debug/Obj/Free_RTOS_Task_creation/queue.o
                0x000000000000215c                vQueueAddToRegistry
 .text.vQueueWaitForMessageRestricted
                0x00000000000021a4       0x66 Output/Debug/Obj/Free_RTOS_Task_creation/queue.o
                0x00000000000021a4                vQueueWaitForMessageRestricted
 .text.xTaskCreate
                0x000000000000220a       0x86 Output/Debug/Obj/Free_RTOS_Task_creation/tasks.o
                0x000000000000220a                xTaskCreate
 .text.prvInitialiseNewTask
                0x0000000000002290      0x104 Output/Debug/Obj/Free_RTOS_Task_creation/tasks.o
 .text.prvAddNewTaskToReadyList
                0x0000000000002394       0xd8 Output/Debug/Obj/Free_RTOS_Task_creation/tasks.o
 .text.vTaskDelay
                0x000000000000246c       0x64 Output/Debug/Obj/Free_RTOS_Task_creation/tasks.o
                0x000000000000246c                vTaskDelay
 .text.vTaskSuspend
                0x00000000000024d0      0x120 Output/Debug/Obj/Free_RTOS_Task_creation/tasks.o
                0x00000000000024d0                vTaskSuspend
 .text.prvTaskIsTaskSuspended
                0x00000000000025f0       0x68 Output/Debug/Obj/Free_RTOS_Task_creation/tasks.o
 .text.vTaskResume
                0x0000000000002658       0xb8 Output/Debug/Obj/Free_RTOS_Task_creation/tasks.o
                0x0000000000002658                vTaskResume
 .text.vTaskStartScheduler
                0x0000000000002710       0x88 Output/Debug/Obj/Free_RTOS_Task_creation/tasks.o
                0x0000000000002710                vTaskStartScheduler
 .text.vTaskSuspendAll
                0x0000000000002798       0x14 Output/Debug/Obj/Free_RTOS_Task_creation/tasks.o
                0x0000000000002798                vTaskSuspendAll
 .text.prvGetExpectedIdleTime
                0x00000000000027ac       0x6c Output/Debug/Obj/Free_RTOS_Task_creation/tasks.o
 .text.xTaskResumeAll
                0x0000000000002818      0x134 Output/Debug/Obj/Free_RTOS_Task_creation/tasks.o
                0x0000000000002818                xTaskResumeAll
 .text.xTaskGetTickCount
                0x000000000000294c       0x14 Output/Debug/Obj/Free_RTOS_Task_creation/tasks.o
                0x000000000000294c                xTaskGetTickCount
 .text.vTaskStepTick
                0x0000000000002960       0x40 Output/Debug/Obj/Free_RTOS_Task_creation/tasks.o
                0x0000000000002960                vTaskStepTick
 .text.xTaskIncrementTick
                0x00000000000029a0      0x150 Output/Debug/Obj/Free_RTOS_Task_creation/tasks.o
                0x00000000000029a0                xTaskIncrementTick
 .text.vTaskSwitchContext
                0x0000000000002af0       0xb0 Output/Debug/Obj/Free_RTOS_Task_creation/tasks.o
                0x0000000000002af0                vTaskSwitchContext
 .text.vTaskPlaceOnEventList
                0x0000000000002ba0       0x40 Output/Debug/Obj/Free_RTOS_Task_creation/tasks.o
                0x0000000000002ba0                vTaskPlaceOnEventList
 .text.vTaskPlaceOnEventListRestricted
                0x0000000000002be0       0x4c Output/Debug/Obj/Free_RTOS_Task_creation/tasks.o
                0x0000000000002be0                vTaskPlaceOnEventListRestricted
 .text.xTaskRemoveFromEventList
                0x0000000000002c2c       0xc0 Output/Debug/Obj/Free_RTOS_Task_creation/tasks.o
                0x0000000000002c2c                xTaskRemoveFromEventList
 .text.vTaskInternalSetTimeOutState
                0x0000000000002cec       0x24 Output/Debug/Obj/Free_RTOS_Task_creation/tasks.o
                0x0000000000002cec                vTaskInternalSetTimeOutState
 .text.xTaskCheckForTimeOut
                0x0000000000002d10       0xb0 Output/Debug/Obj/Free_RTOS_Task_creation/tasks.o
                0x0000000000002d10                xTaskCheckForTimeOut
 .text.vTaskMissedYield
                0x0000000000002dc0       0x10 Output/Debug/Obj/Free_RTOS_Task_creation/tasks.o
                0x0000000000002dc0                vTaskMissedYield
 .text.prvIdleTask
                0x0000000000002dd0       0x7c Output/Debug/Obj/Free_RTOS_Task_creation/tasks.o
 .text.eTaskConfirmSleepModeStatus
                0x0000000000002e4c       0x5c Output/Debug/Obj/Free_RTOS_Task_creation/tasks.o
                0x0000000000002e4c                eTaskConfirmSleepModeStatus
 .text.prvInitialiseTaskLists
                0x0000000000002ea8       0x7c Output/Debug/Obj/Free_RTOS_Task_creation/tasks.o
 .text.prvCheckTasksWaitingTermination
                0x0000000000002f24       0x58 Output/Debug/Obj/Free_RTOS_Task_creation/tasks.o
 .text.prvDeleteTCB
                0x0000000000002f7c       0x1e Output/Debug/Obj/Free_RTOS_Task_creation/tasks.o
 *fill*         0x0000000000002f9a        0x2 
 .text.prvResetNextTaskUnblockTime
                0x0000000000002f9c       0x40 Output/Debug/Obj/Free_RTOS_Task_creation/tasks.o
 .text.xTaskGetSchedulerState
                0x0000000000002fdc       0x34 Output/Debug/Obj/Free_RTOS_Task_creation/tasks.o
                0x0000000000002fdc                xTaskGetSchedulerState
 .text.xTaskPriorityDisinherit
                0x0000000000003010       0xf4 Output/Debug/Obj/Free_RTOS_Task_creation/tasks.o
                0x0000000000003010                xTaskPriorityDisinherit
 .text.prvAddCurrentTaskToDelayedList
                0x0000000000003104       0xc8 Output/Debug/Obj/Free_RTOS_Task_creation/tasks.o
 .text.xTimerCreateTimerTask
                0x00000000000031cc       0x58 Output/Debug/Obj/Free_RTOS_Task_creation/timers.o
                0x00000000000031cc                xTimerCreateTimerTask
 .text.xTimerGenericCommand
                0x0000000000003224       0x8c Output/Debug/Obj/Free_RTOS_Task_creation/timers.o
                0x0000000000003224                xTimerGenericCommand
 .text.prvProcessExpiredTimer
                0x00000000000032b0       0x78 Output/Debug/Obj/Free_RTOS_Task_creation/timers.o
 .text.prvTimerTask
                0x0000000000003328       0x20 Output/Debug/Obj/Free_RTOS_Task_creation/timers.o
 .text.prvProcessTimerOrBlockTask
                0x0000000000003348       0x9c Output/Debug/Obj/Free_RTOS_Task_creation/timers.o
 .text.prvGetNextExpireTime
                0x00000000000033e4       0x40 Output/Debug/Obj/Free_RTOS_Task_creation/timers.o
 .text.prvSampleTimeNow
                0x0000000000003424       0x3c Output/Debug/Obj/Free_RTOS_Task_creation/timers.o
 .text.prvInsertTimerInActiveList
                0x0000000000003460       0x84 Output/Debug/Obj/Free_RTOS_Task_creation/timers.o
 .text.prvProcessReceivedCommands
                0x00000000000034e4      0x13c Output/Debug/Obj/Free_RTOS_Task_creation/timers.o
 .text.prvSwitchTimerLists
                0x0000000000003620       0xb8 Output/Debug/Obj/Free_RTOS_Task_creation/timers.o
 .text.prvCheckForValidListAndQueue
                0x00000000000036d8       0x6c Output/Debug/Obj/Free_RTOS_Task_creation/timers.o
 .text.app_error_save_and_stop
                0x0000000000003744       0x98 Output/Debug/Obj/Free_RTOS_Task_creation/app_error.o
                0x0000000000003744                app_error_save_and_stop
 .text.app_error_handler
                0x00000000000037dc       0x1c Output/Debug/Obj/Free_RTOS_Task_creation/app_error_handler_gcc.o
                0x00000000000037dc                app_error_handler
 .text.app_error_fault_handler
                0x00000000000037f8      0x104 Output/Debug/Obj/Free_RTOS_Task_creation/app_error_weak.o
                0x00000000000037f8                app_error_fault_handler
 .text.app_util_disable_irq
                0x00000000000038fc       0x18 Output/Debug/Obj/Free_RTOS_Task_creation/app_util_platform.o
                0x00000000000038fc                app_util_disable_irq
 .text.app_util_enable_irq
                0x0000000000003914       0x20 Output/Debug/Obj/Free_RTOS_Task_creation/app_util_platform.o
                0x0000000000003914                app_util_enable_irq
 .text.app_util_critical_region_enter
                0x0000000000003934       0x28 Output/Debug/Obj/Free_RTOS_Task_creation/app_util_platform.o
                0x0000000000003934                app_util_critical_region_enter
 .text.app_util_critical_region_exit
                0x000000000000395c       0x2c Output/Debug/Obj/Free_RTOS_Task_creation/app_util_platform.o
                0x000000000000395c                app_util_critical_region_exit
 .text.privilege_level_get
                0x0000000000003988       0x3a Output/Debug/Obj/Free_RTOS_Task_creation/app_util_platform.o
                0x0000000000003988                privilege_level_get
 .text.assert_nrf_callback
                0x00000000000039c2       0x2c Output/Debug/Obj/Free_RTOS_Task_creation/nrf_assert.o
                0x00000000000039c2                assert_nrf_callback
 .text.nrf_atomic_u32_fetch_store
                0x00000000000039ee       0x2e Output/Debug/Obj/Free_RTOS_Task_creation/nrf_atomic.o
                0x00000000000039ee                nrf_atomic_u32_fetch_store
 .text.nrf_atomic_u32_or
                0x0000000000003a1c       0x30 Output/Debug/Obj/Free_RTOS_Task_creation/nrf_atomic.o
                0x0000000000003a1c                nrf_atomic_u32_or
 .text.nrf_atomic_u32_fetch_and
                0x0000000000003a4c       0x30 Output/Debug/Obj/Free_RTOS_Task_creation/nrf_atomic.o
                0x0000000000003a4c                nrf_atomic_u32_fetch_and
 .text.nrf_atomic_u32_add
                0x0000000000003a7c       0x30 Output/Debug/Obj/Free_RTOS_Task_creation/nrf_atomic.o
                0x0000000000003a7c                nrf_atomic_u32_add
 .text.nrf_atomic_u32_sub
                0x0000000000003aac       0x30 Output/Debug/Obj/Free_RTOS_Task_creation/nrf_atomic.o
                0x0000000000003aac                nrf_atomic_u32_sub
 .text.nrf_atomic_flag_set
                0x0000000000003adc       0x18 Output/Debug/Obj/Free_RTOS_Task_creation/nrf_atomic.o
                0x0000000000003adc                nrf_atomic_flag_set
 .text.nrf_atomic_flag_clear_fetch
                0x0000000000003af4       0x18 Output/Debug/Obj/Free_RTOS_Task_creation/nrf_atomic.o
                0x0000000000003af4                nrf_atomic_flag_clear_fetch
 .text.nrf_balloc_idx2block
                0x0000000000003b0c       0x38 Output/Debug/Obj/Free_RTOS_Task_creation/nrf_balloc.o
 .text.nrf_balloc_block2idx
                0x0000000000003b44       0x34 Output/Debug/Obj/Free_RTOS_Task_creation/nrf_balloc.o
 .text.nrf_balloc_alloc
                0x0000000000003b78       0x84 Output/Debug/Obj/Free_RTOS_Task_creation/nrf_balloc.o
                0x0000000000003b78                nrf_balloc_alloc
 .text.nrf_balloc_free
                0x0000000000003bfc       0x58 Output/Debug/Obj/Free_RTOS_Task_creation/nrf_balloc.o
                0x0000000000003bfc                nrf_balloc_free
 .text.nrf_memobj_alloc
                0x0000000000003c54       0xae Output/Debug/Obj/Free_RTOS_Task_creation/nrf_memobj.o
                0x0000000000003c54                nrf_memobj_alloc
 .text.nrf_memobj_free
                0x0000000000003d02       0x74 Output/Debug/Obj/Free_RTOS_Task_creation/nrf_memobj.o
                0x0000000000003d02                nrf_memobj_free
 .text.nrf_memobj_get
                0x0000000000003d76       0x1e Output/Debug/Obj/Free_RTOS_Task_creation/nrf_memobj.o
                0x0000000000003d76                nrf_memobj_get
 .text.nrf_memobj_put
                0x0000000000003d94       0x34 Output/Debug/Obj/Free_RTOS_Task_creation/nrf_memobj.o
                0x0000000000003d94                nrf_memobj_put
 .text.memobj_op
                0x0000000000003dc8      0x124 Output/Debug/Obj/Free_RTOS_Task_creation/nrf_memobj.o
 .text.nrf_memobj_write
                0x0000000000003eec       0x3c Output/Debug/Obj/Free_RTOS_Task_creation/nrf_memobj.o
                0x0000000000003eec                nrf_memobj_write
 .text.nrf_strerror_get
                0x0000000000003f28       0x28 Output/Debug/Obj/Free_RTOS_Task_creation/nrf_strerror.o
                0x0000000000003f28                nrf_strerror_get
 .text.nrf_strerror_find
                0x0000000000003f50       0x68 Output/Debug/Obj/Free_RTOS_Task_creation/nrf_strerror.o
                0x0000000000003f50                nrf_strerror_find
 .text.nrf_wdt_started
                0x0000000000003fb8       0x18 Output/Debug/Obj/Free_RTOS_Task_creation/nrf_drv_clock.o
 .text.nrf_drv_clock_init
                0x0000000000003fd0       0x64 Output/Debug/Obj/Free_RTOS_Task_creation/nrf_drv_clock.o
                0x0000000000003fd0                nrf_drv_clock_init
 .text.item_enqueue
                0x0000000000004034       0x38 Output/Debug/Obj/Free_RTOS_Task_creation/nrf_drv_clock.o
 .text.item_dequeue
                0x000000000000406c       0x20 Output/Debug/Obj/Free_RTOS_Task_creation/nrf_drv_clock.o
 .text.nrf_drv_clock_lfclk_request
                0x000000000000408c       0x9c Output/Debug/Obj/Free_RTOS_Task_creation/nrf_drv_clock.o
                0x000000000000408c                nrf_drv_clock_lfclk_request
 .text.clock_clk_started_notify
                0x0000000000004128       0x4c Output/Debug/Obj/Free_RTOS_Task_creation/nrf_drv_clock.o
 .text.clock_irq_handler
                0x0000000000004174       0x40 Output/Debug/Obj/Free_RTOS_Task_creation/nrf_drv_clock.o
 .text.__NVIC_EnableIRQ
                0x00000000000041b4       0x34 Output/Debug/Obj/Free_RTOS_Task_creation/nrfx_clock.o
 .text.__NVIC_SetPriority
                0x00000000000041e8       0x50 Output/Debug/Obj/Free_RTOS_Task_creation/nrfx_clock.o
 .text.nrfx_get_irq_number
                0x0000000000004238       0x10 Output/Debug/Obj/Free_RTOS_Task_creation/nrfx_clock.o
 .text._NRFX_IRQ_PRIORITY_SET
                0x0000000000004248       0x40 Output/Debug/Obj/Free_RTOS_Task_creation/nrfx_clock.o
 .text._NRFX_IRQ_ENABLE
                0x0000000000004288       0x1c Output/Debug/Obj/Free_RTOS_Task_creation/nrfx_clock.o
 .text._NRFX_IRQ_IS_ENABLED
                0x00000000000042a4       0x4c Output/Debug/Obj/Free_RTOS_Task_creation/nrfx_clock.o
 .text.nrf_clock_int_enable
                0x00000000000042f0       0x14 Output/Debug/Obj/Free_RTOS_Task_creation/nrfx_clock.o
 .text.nrf_clock_int_disable
                0x0000000000004304       0x14 Output/Debug/Obj/Free_RTOS_Task_creation/nrfx_clock.o
 .text.nrf_clock_task_trigger
                0x0000000000004318       0x1a Output/Debug/Obj/Free_RTOS_Task_creation/nrfx_clock.o
 .text.nrf_clock_event_clear
                0x0000000000004332       0x28 Output/Debug/Obj/Free_RTOS_Task_creation/nrfx_clock.o
 .text.nrf_clock_event_check
                0x000000000000435a       0x22 Output/Debug/Obj/Free_RTOS_Task_creation/nrfx_clock.o
 .text.nrf_clock_lf_src_set
                0x000000000000437c       0x14 Output/Debug/Obj/Free_RTOS_Task_creation/nrfx_clock.o
 .text.nrfx_power_clock_irq_init
                0x0000000000004390       0x56 Output/Debug/Obj/Free_RTOS_Task_creation/nrfx_clock.o
 *fill*         0x00000000000043e6        0x2 
 .text.nrfx_clock_init
                0x00000000000043e8       0x4c Output/Debug/Obj/Free_RTOS_Task_creation/nrfx_clock.o
                0x00000000000043e8                nrfx_clock_init
 .text.nrfx_clock_enable
                0x0000000000004434       0x28 Output/Debug/Obj/Free_RTOS_Task_creation/nrfx_clock.o
                0x0000000000004434                nrfx_clock_enable
 .text.nrfx_clock_lfclk_start
                0x000000000000445c       0x34 Output/Debug/Obj/Free_RTOS_Task_creation/nrfx_clock.o
                0x000000000000445c                nrfx_clock_lfclk_start
 .text.POWER_CLOCK_IRQHandler
                0x0000000000004490       0x68 Output/Debug/Obj/Free_RTOS_Task_creation/nrfx_clock.o
                0x0000000000004490                POWER_CLOCK_IRQHandler
 .text.nrf_gpiote_event_is_set
                0x00000000000044f8       0x2a Output/Debug/Obj/Free_RTOS_Task_creation/nrfx_gpiote.o
 .text.nrf_gpiote_event_clear
                0x0000000000004522       0x36 Output/Debug/Obj/Free_RTOS_Task_creation/nrfx_gpiote.o
 .text.nrf_gpiote_event_addr_get
                0x0000000000004558       0x1a Output/Debug/Obj/Free_RTOS_Task_creation/nrfx_gpiote.o
 *fill*         0x0000000000004572        0x2 
 .text.nrf_gpiote_int_is_enabled
                0x0000000000004574       0x18 Output/Debug/Obj/Free_RTOS_Task_creation/nrfx_gpiote.o
 .text.nrf_gpiote_event_pin_get
                0x000000000000458c       0x20 Output/Debug/Obj/Free_RTOS_Task_creation/nrfx_gpiote.o
 .text.nrf_gpiote_event_polarity_get
                0x00000000000045ac       0x24 Output/Debug/Obj/Free_RTOS_Task_creation/nrfx_gpiote.o
 .text.nrf_gpio_pin_port_decode
                0x00000000000045d0       0x4c Output/Debug/Obj/Free_RTOS_Task_creation/nrfx_gpiote.o
 .text.nrf_gpio_cfg_sense_set
                0x000000000000461c       0x5c Output/Debug/Obj/Free_RTOS_Task_creation/nrfx_gpiote.o
 .text.nrf_gpio_pin_sense_get
                0x0000000000004678       0x2c Output/Debug/Obj/Free_RTOS_Task_creation/nrfx_gpiote.o
 .text.nrf_gpio_latches_read_and_clear
                0x00000000000046a4       0x68 Output/Debug/Obj/Free_RTOS_Task_creation/nrfx_gpiote.o
 .text.nrf_gpio_pin_latch_clear
                0x000000000000470c       0x28 Output/Debug/Obj/Free_RTOS_Task_creation/nrfx_gpiote.o
 .text.nrf_gpio_pin_present_check
                0x0000000000004734       0x50 Output/Debug/Obj/Free_RTOS_Task_creation/nrfx_gpiote.o
 .text.nrf_bitmask_bit_is_set
                0x0000000000004784       0x30 Output/Debug/Obj/Free_RTOS_Task_creation/nrfx_gpiote.o
 .text.channel_port_get
                0x00000000000047b4       0x1c Output/Debug/Obj/Free_RTOS_Task_creation/nrfx_gpiote.o
 .text.channel_handler_get
                0x00000000000047d0       0x18 Output/Debug/Obj/Free_RTOS_Task_creation/nrfx_gpiote.o
 .text.port_handler_pin_get
                0x00000000000047e8       0x28 Output/Debug/Obj/Free_RTOS_Task_creation/nrfx_gpiote.o
 .text.port_handler_polarity_get
                0x0000000000004810       0x28 Output/Debug/Obj/Free_RTOS_Task_creation/nrfx_gpiote.o
 .text.latch_pending_read_and_check
                0x0000000000004838       0x3e Output/Debug/Obj/Free_RTOS_Task_creation/nrfx_gpiote.o
 *fill*         0x0000000000004876        0x2 
 .text.port_event_handle
                0x0000000000004878       0xe4 Output/Debug/Obj/Free_RTOS_Task_creation/nrfx_gpiote.o
 .text.GPIOTE_IRQHandler
                0x000000000000495c      0x108 Output/Debug/Obj/Free_RTOS_Task_creation/nrfx_gpiote.o
                0x000000000000495c                GPIOTE_IRQHandler
 .text.led_toggle_task_function
                0x0000000000004a64       0x14 Output/Debug/Obj/Free_RTOS_Task_creation/main.o
 .text.vBlueLedControllerTask
                0x0000000000004a78       0x6c Output/Debug/Obj/Free_RTOS_Task_creation/main.o
                0x0000000000004a78                vBlueLedControllerTask
 .text.vGreenLedControllerTask
                0x0000000000004ae4       0x70 Output/Debug/Obj/Free_RTOS_Task_creation/main.o
                0x0000000000004ae4                vGreenLedControllerTask
 .text.vRedLedControllerTask
                0x0000000000004b54       0x4c Output/Debug/Obj/Free_RTOS_Task_creation/main.o
                0x0000000000004b54                vRedLedControllerTask
 .text.main     0x0000000000004ba0       0xcc Output/Debug/Obj/Free_RTOS_Task_creation/main.o
                0x0000000000004ba0                main
 .text.__NVIC_SystemReset
                0x0000000000004c6c       0x28 Output/Debug/Obj/Free_RTOS_Task_creation/system_nrf52840.o
 .text.nrf52_errata_36
                0x0000000000004c94       0x64 Output/Debug/Obj/Free_RTOS_Task_creation/system_nrf52840.o
 .text.nrf52_errata_66
                0x0000000000004cf8       0x64 Output/Debug/Obj/Free_RTOS_Task_creation/system_nrf52840.o
 .text.nrf52_errata_98
                0x0000000000004d5c       0x64 Output/Debug/Obj/Free_RTOS_Task_creation/system_nrf52840.o
 .text.nrf52_errata_103
                0x0000000000004dc0       0x64 Output/Debug/Obj/Free_RTOS_Task_creation/system_nrf52840.o
 .text.nrf52_errata_115
                0x0000000000004e24       0x64 Output/Debug/Obj/Free_RTOS_Task_creation/system_nrf52840.o
 .text.nrf52_errata_120
                0x0000000000004e88       0x64 Output/Debug/Obj/Free_RTOS_Task_creation/system_nrf52840.o
 .text.nrf52_errata_136
                0x0000000000004eec       0x64 Output/Debug/Obj/Free_RTOS_Task_creation/system_nrf52840.o
 .text.nrf52_errata_249
                0x0000000000004f50       0x64 Output/Debug/Obj/Free_RTOS_Task_creation/system_nrf52840.o
 .text.nrf52_handle_approtect
                0x0000000000004fb4       0x20 Output/Debug/Obj/Free_RTOS_Task_creation/system_nrf52840.o
 .text.nvmc_wait
                0x0000000000004fd4       0x18 Output/Debug/Obj/Free_RTOS_Task_creation/system_nrf52840.o
                0x0000000000004fd4                nvmc_wait
 .text.nvmc_config
                0x0000000000004fec       0x20 Output/Debug/Obj/Free_RTOS_Task_creation/system_nrf52840.o
                0x0000000000004fec                nvmc_config
 .text.SystemCoreClockUpdate
                0x000000000000500c       0x14 Output/Debug/Obj/Free_RTOS_Task_creation/system_nrf52840.o
                0x000000000000500c                SystemCoreClockUpdate
 .text.SystemInit
                0x0000000000005020      0x228 Output/Debug/Obj/Free_RTOS_Task_creation/system_nrf52840.o
                0x0000000000005020                SystemInit
 .text._DoInit  0x0000000000005248       0x9c Output/Debug/Obj/Free_RTOS_Task_creation/SEGGER_RTT.o
 .text._WriteBlocking
                0x00000000000052e4       0xb2 Output/Debug/Obj/Free_RTOS_Task_creation/SEGGER_RTT.o
 .text._WriteNoCheck
                0x0000000000005396       0x7e Output/Debug/Obj/Free_RTOS_Task_creation/SEGGER_RTT.o
 .text._GetAvailWriteSpace
                0x0000000000005414       0x3c Output/Debug/Obj/Free_RTOS_Task_creation/SEGGER_RTT.o
 .text.SEGGER_RTT_WriteNoLock
                0x0000000000005450       0xa0 Output/Debug/Obj/Free_RTOS_Task_creation/SEGGER_RTT.o
                0x0000000000005450                SEGGER_RTT_WriteNoLock
 .text.SEGGER_RTT_Write
                0x00000000000054f0       0x3c Output/Debug/Obj/Free_RTOS_Task_creation/SEGGER_RTT.o
                0x00000000000054f0                SEGGER_RTT_Write
 .text.SEGGER_RTT_Init
                0x000000000000552c        0xa Output/Debug/Obj/Free_RTOS_Task_creation/SEGGER_RTT.o
                0x000000000000552c                SEGGER_RTT_Init
 .text._StoreChar
                0x0000000000005536       0x7e Output/Debug/Obj/Free_RTOS_Task_creation/SEGGER_RTT_printf.o
 .text._PrintUnsigned
                0x00000000000055b4      0x15c Output/Debug/Obj/Free_RTOS_Task_creation/SEGGER_RTT_printf.o
 .text._PrintInt
                0x0000000000005710      0x14c Output/Debug/Obj/Free_RTOS_Task_creation/SEGGER_RTT_printf.o
 .text.SEGGER_RTT_vprintf
                0x000000000000585c      0x390 Output/Debug/Obj/Free_RTOS_Task_creation/SEGGER_RTT_printf.o
                0x000000000000585c                SEGGER_RTT_vprintf
 .text.SEGGER_RTT_printf
                0x0000000000005bec       0x28 Output/Debug/Obj/Free_RTOS_Task_creation/SEGGER_RTT_printf.o
                0x0000000000005bec                SEGGER_RTT_printf
 .text.libc.memcpy
                0x0000000000005c14       0x64 C:/Program Files/SEGGER/SEGGER Embedded Studio for ARM 6.30/lib/libc_v7em_fpv4_sp_d16_hard_t_le_eabi_balanced.a(strasmops_arm.o)
                0x0000000000005c14                __aeabi_memcpy
                0x0000000000005c14                memcpy
                0x0000000000005c36                __aeabi_memcpy8
                0x0000000000005c36                __aeabi_memcpy4
 .text.libc.__aeabi_memclr
                0x0000000000005c78       0x68 C:/Program Files/SEGGER/SEGGER Embedded Studio for ARM 6.30/lib/libc_v7em_fpv4_sp_d16_hard_t_le_eabi_balanced.a(strasmops_arm.o)
                0x0000000000005c78                __aeabi_memclr8
                0x0000000000005c78                __aeabi_memclr
                0x0000000000005c78                __aeabi_memclr4
                0x0000000000005c7a                __aeabi_memset4
                0x0000000000005c7a                __aeabi_memset8
                0x0000000000005c7a                __aeabi_memset
                0x0000000000005c80                memset
 .text.__SEGGER_RTL_init_heap
                0x0000000000005ce0       0x14 C:/Program Files/SEGGER/SEGGER Embedded Studio for ARM 6.30/lib/heapops_basic_v7em_little.a(heapops_basic.o)
                0x0000000000005ce0                __SEGGER_RTL_init_heap
                0x0000000000005cf4                . = ALIGN (MAX ((__text_start__ + 0x4), .), 0x4)
                0x0000000000005cf4                __text_end__ = (__text_start__ + SIZEOF (.text))
                0x0000000000005928                __text_size__ = SIZEOF (.text)
                0x0000000000005cf4                __text_load_end__ = __text_end__

.vfp11_veneer   0x0000000100000000        0x0
 .vfp11_veneer  0x0000000100000000        0x0 linker stubs

.v4_bx          0x0000000100000000        0x0
 .v4_bx         0x0000000100000000        0x0 linker stubs

.iplt           0x0000000100000000        0x0
 .iplt          0x0000000100000000        0x0 Output/Debug/Obj/Free_RTOS_Task_creation/thumb_crt0.o
                0x0000000000000001                . = ASSERT (((__text_start__ == __text_end__) || ((__text_end__ - __FLASH1_segment_start__) <= __FLASH1_segment_size__)), error: .text is too large to fit in FLASH1 memory segment)
                0x0000000000005cf4                __log_const_data_load_start__ = ALIGN (__text_end__, 0x4)

.log_const_data
                0x0000000000005cf4       0x28
                0x0000000000005cf4                __log_const_data_start__ = .
                0x0000000000005cf4                __start_log_const_data = __log_const_data_start__
 *(SORT_BY_NAME(.log_const_data*))
 .log_const_data_CLOCK
                0x0000000000005cf4        0x8 Output/Debug/Obj/Free_RTOS_Task_creation/nrfx_clock.o
                0x0000000000005cf4                m_nrf_log_CLOCK_logs_data_const
 .log_const_data_GPIOTE
                0x0000000000005cfc        0x8 Output/Debug/Obj/Free_RTOS_Task_creation/nrfx_gpiote.o
                0x0000000000005cfc                m_nrf_log_GPIOTE_logs_data_const
 .log_const_data_app
                0x0000000000005d04        0x8 Output/Debug/Obj/Free_RTOS_Task_creation/nrf_log_frontend.o
                0x0000000000005d04                m_nrf_log_app_logs_data_const
 .log_const_data_app_button
                0x0000000000005d0c        0x8 Output/Debug/Obj/Free_RTOS_Task_creation/app_button.o
                0x0000000000005d0c                m_nrf_log_app_button_logs_data_const
 .log_const_data_clock
                0x0000000000005d14        0x8 Output/Debug/Obj/Free_RTOS_Task_creation/nrf_drv_clock.o
                0x0000000000005d14                m_nrf_log_clock_logs_data_const
                0x0000000000005d1c                __log_const_data_end__ = (__log_const_data_start__ + SIZEOF (.log_const_data))
                0x0000000000000028                __log_const_data_size__ = SIZEOF (.log_const_data)
                0x0000000000005d1c                __stop_log_const_data = __log_const_data_end__
                0x0000000000005d1c                __log_const_data_load_end__ = __log_const_data_end__
                0x0000000000000001                . = ASSERT (((__log_const_data_start__ == __log_const_data_end__) || ((__log_const_data_end__ - __FLASH1_segment_start__) <= __FLASH1_segment_size__)), error: .log_const_data is too large to fit in FLASH1 memory segment)
                0x0000000000005d1c                __log_backends_load_start__ = ALIGN (__log_const_data_end__, 0x4)

.log_backends   0x0000000000005d1c        0x0
                0x0000000000005d1c                __log_backends_start__ = .
                0x0000000000005d1c                __start_log_backends = __log_backends_start__
 *(SORT_BY_NAME(.log_backends*))
                0x0000000000005d1c                __log_backends_end__ = (__log_backends_start__ + SIZEOF (.log_backends))
                0x0000000000000000                __log_backends_size__ = SIZEOF (.log_backends)
                0x0000000000005d1c                __stop_log_backends = __log_backends_end__
                0x0000000000005d1c                __log_backends_load_end__ = __log_backends_end__
                0x0000000000000001                . = ASSERT (((__log_backends_start__ == __log_backends_end__) || ((__log_backends_end__ - __FLASH1_segment_start__) <= __FLASH1_segment_size__)), error: .log_backends is too large to fit in FLASH1 memory segment)
                0x0000000000005d1c                __nrf_balloc_load_start__ = ALIGN (__log_backends_end__, 0x4)

.nrf_balloc     0x0000000000005d1c       0x14
                0x0000000000005d1c                __nrf_balloc_start__ = .
                0x0000000000005d1c                __start_nrf_balloc = __nrf_balloc_start__
 *(.nrf_balloc*)
 .nrf_balloc    0x0000000000005d1c       0x14 Output/Debug/Obj/Free_RTOS_Task_creation/nrf_log_frontend.o
                0x0000000000005d1c                log_mempool
                0x0000000000005d30                __nrf_balloc_end__ = (__nrf_balloc_start__ + SIZEOF (.nrf_balloc))
                0x0000000000000014                __nrf_balloc_size__ = SIZEOF (.nrf_balloc)
                0x0000000000005d30                __stop_nrf_balloc = __nrf_balloc_end__
                0x0000000000005d30                __nrf_balloc_load_end__ = __nrf_balloc_end__
                0x0000000000000001                . = ASSERT (((__nrf_balloc_start__ == __nrf_balloc_end__) || ((__nrf_balloc_end__ - __FLASH1_segment_start__) <= __FLASH1_segment_size__)), error: .nrf_balloc is too large to fit in FLASH1 memory segment)
                0x0000000000005d30                __nrf_sections_load_start__ = ALIGN (__nrf_balloc_end__, 0x4)

.nrf_sections   0x0000000000005d30        0x0
                0x0000000000005d30                __nrf_sections_start__ = .
                0x0000000000005d30                __start_nrf_sections = __nrf_sections_start__
 *(.nrf_sections .nrf_sections.*)
                0x0000000000005d30                __nrf_sections_end__ = (__nrf_sections_start__ + SIZEOF (.nrf_sections))
                0x0000000000000000                __nrf_sections_size__ = SIZEOF (.nrf_sections)
                0x0000000000005d30                __nrf_sections_load_end__ = __nrf_sections_end__
                0x0000000000000001                . = ASSERT (((__nrf_sections_start__ == __nrf_sections_end__) || ((__nrf_sections_end__ - __FLASH1_segment_start__) <= __FLASH1_segment_size__)), error: .nrf_sections is too large to fit in FLASH1 memory segment)
                0x0000000000005d30                __log_dynamic_data_load_start__ = ALIGN (__nrf_sections_end__, 0x4)

.log_dynamic_data
                0x0000000020000000        0x0 load address 0x0000000000005d30
                0x0000000020000000                __log_dynamic_data_start__ = .
 *(SORT_BY_NAME(.log_dynamic_data*))
                0x0000000020000000                __log_dynamic_data_end__ = (__log_dynamic_data_start__ + SIZEOF (.log_dynamic_data))
                0x0000000000000000                __log_dynamic_data_size__ = SIZEOF (.log_dynamic_data)
                0x0000000000005d30                __log_dynamic_data_load_end__ = (__log_dynamic_data_load_start__ + SIZEOF (.log_dynamic_data))
                0x0000000000000001                . = ASSERT (((__log_dynamic_data_load_start__ == __log_dynamic_data_load_end__) || ((__log_dynamic_data_load_end__ - __FLASH1_segment_start__) <= __FLASH1_segment_size__)), error: .log_dynamic_data is too large to fit in FLASH1 memory segment)

.log_dynamic_data_run
                0x0000000020000000        0x0
                0x0000000020000000                __log_dynamic_data_run_start__ = .
                0x0000000020000000                __start_log_dynamic_data = __log_dynamic_data_run_start__
                0x0000000020000000                __log_dynamic_data_run_end__ = (__log_dynamic_data_run_start__ + SIZEOF (.log_dynamic_data))
                0x0000000000000000                __log_dynamic_data_run_size__ = (__log_dynamic_data_run_end__ - __log_dynamic_data_run_start__)
                0x0000000020000000                __stop_log_dynamic_data = __log_dynamic_data_run_end__
                0x0000000020000000                __log_dynamic_data_run_load_end__ = __log_dynamic_data_run_end__
                0x0000000000000001                . = ASSERT (((__log_dynamic_data_run_start__ == __log_dynamic_data_run_end__) || ((__log_dynamic_data_run_end__ - __RAM1_segment_start__) <= __RAM1_segment_size__)), error: .log_dynamic_data_run is too large to fit in RAM1 memory segment)
                0x0000000000005d30                __log_filter_data_load_start__ = ALIGN ((__log_dynamic_data_load_start__ + SIZEOF (.log_dynamic_data)), 0x4)

.log_filter_data
                0x0000000020000000        0x0 load address 0x0000000000005d30
                0x0000000020000000                __log_filter_data_start__ = .
 *(SORT_BY_NAME(.log_filter_data*))
                0x0000000020000000                __log_filter_data_end__ = (__log_filter_data_start__ + SIZEOF (.log_filter_data))
                0x0000000000000000                __log_filter_data_size__ = SIZEOF (.log_filter_data)
                0x0000000000005d30                __log_filter_data_load_end__ = (__log_filter_data_load_start__ + SIZEOF (.log_filter_data))
                0x0000000000000001                . = ASSERT (((__log_filter_data_load_start__ == __log_filter_data_load_end__) || ((__log_filter_data_load_end__ - __FLASH1_segment_start__) <= __FLASH1_segment_size__)), error: .log_filter_data is too large to fit in FLASH1 memory segment)

.log_filter_data_run
                0x0000000020000000        0x0
                0x0000000020000000                __log_filter_data_run_start__ = .
                0x0000000020000000                __start_log_filter_data = __log_filter_data_run_start__
                0x0000000020000000                __log_filter_data_run_end__ = (__log_filter_data_run_start__ + SIZEOF (.log_filter_data))
                0x0000000000000000                __log_filter_data_run_size__ = (__log_filter_data_run_end__ - __log_filter_data_run_start__)
                0x0000000020000000                __stop_log_filter_data = __log_filter_data_run_end__
                0x0000000020000000                __log_filter_data_run_load_end__ = __log_filter_data_run_end__
                0x0000000000000001                . = ASSERT (((__log_filter_data_run_start__ == __log_filter_data_run_end__) || ((__log_filter_data_run_end__ - __RAM1_segment_start__) <= __RAM1_segment_size__)), error: .log_filter_data_run is too large to fit in RAM1 memory segment)
                0x0000000020000000                __nrf_sections_run_end_load_start__ = ALIGN (__log_filter_data_run_end__, 0x4)

.nrf_sections_run_end
                0x0000000020000000        0x0
                0x0000000020000000                __nrf_sections_run_end_start__ = .
                0x0000000020000000                __end_nrf_sections_run = __nrf_sections_run_end_start__
 *(.nrf_sections_run_end .nrf_sections_run_end.*)
                0x0000000020000000                __nrf_sections_run_end_end__ = (__nrf_sections_run_end_start__ + SIZEOF (.nrf_sections_run_end))
                0x0000000000000000                __nrf_sections_run_end_size__ = SIZEOF (.nrf_sections_run_end)
                0x0000000020000000                __nrf_sections_run_end_load_end__ = __nrf_sections_run_end_end__
                0x0000000000000001                . = ASSERT (((__nrf_sections_run_end_start__ == __nrf_sections_run_end_end__) || ((__nrf_sections_run_end_end__ - __RAM1_segment_start__) <= __RAM1_segment_size__)), error: .nrf_sections_run_end is too large to fit in RAM1 memory segment)
                0x0000000000005d30                __dtors_load_start__ = ALIGN ((__log_filter_data_load_start__ + SIZEOF (.log_filter_data)), 0x4)

.dtors          0x0000000000005d30        0x0
                0x0000000000005d30                __dtors_start__ = .
 *(SORT_BY_NAME(.dtors.*))
 *(.dtors)
 *(.fini_array)
 *(SORT_BY_NAME(.fini_array.*))
                0x0000000000005d30                __dtors_end__ = (__dtors_start__ + SIZEOF (.dtors))
                0x0000000000000000                __dtors_size__ = SIZEOF (.dtors)
                0x0000000000005d30                __dtors_load_end__ = __dtors_end__
                0x0000000000000001                . = ASSERT (((__dtors_start__ == __dtors_end__) || ((__dtors_end__ - __FLASH1_segment_start__) <= __FLASH1_segment_size__)), error: .dtors is too large to fit in FLASH1 memory segment)
                0x0000000000005d30                __ctors_load_start__ = ALIGN (__dtors_end__, 0x4)

.ctors          0x0000000000005d30        0x0
                0x0000000000005d30                __ctors_start__ = .
 *(SORT_BY_NAME(.ctors.*))
 *(.ctors)
 *(.init_array)
 *(SORT_BY_NAME(.init_array.*))
                0x0000000000005d30                __ctors_end__ = (__ctors_start__ + SIZEOF (.ctors))
                0x0000000000000000                __ctors_size__ = SIZEOF (.ctors)
                0x0000000000005d30                __ctors_load_end__ = __ctors_end__
                0x0000000000000001                . = ASSERT (((__ctors_start__ == __ctors_end__) || ((__ctors_end__ - __FLASH1_segment_start__) <= __FLASH1_segment_size__)), error: .ctors is too large to fit in FLASH1 memory segment)
                0x0000000000005d30                __rodata_load_start__ = ALIGN (__ctors_end__, 0x4)

.rodata         0x0000000000005d30      0xbac
                0x0000000000005d30                __rodata_start__ = .
 *(.rodata .rodata.* .gnu.linkonce.r.*)
 .rodata        0x0000000000005d30       0x61 Output/Debug/Obj/Free_RTOS_Task_creation/nrf_log_frontend.o
 *fill*         0x0000000000005d91        0x3 
 .rodata        0x0000000000005d94       0x66 Output/Debug/Obj/Free_RTOS_Task_creation/boards.o
 *fill*         0x0000000000005dfa        0x2 
 .rodata.m_board_led_list
                0x0000000000005dfc        0x4 Output/Debug/Obj/Free_RTOS_Task_creation/boards.o
 .rodata.m_board_btn_list
                0x0000000000005e00        0x4 Output/Debug/Obj/Free_RTOS_Task_creation/boards.o
 .rodata        0x0000000000005e04       0x4e Output/Debug/Obj/Free_RTOS_Task_creation/heap_1.o
 *fill*         0x0000000000005e52        0x2 
 .rodata        0x0000000000005e54       0x4f Output/Debug/Obj/Free_RTOS_Task_creation/port_cmsis.o
 *fill*         0x0000000000005ea3        0x1 
 .rodata        0x0000000000005ea4       0x2d Output/Debug/Obj/Free_RTOS_Task_creation/port_cmsis_systick.o
 *fill*         0x0000000000005ed1        0x3 
 .rodata        0x0000000000005ed4       0x3c Output/Debug/Obj/Free_RTOS_Task_creation/queue.o
 .rodata        0x0000000000005f10       0x41 Output/Debug/Obj/Free_RTOS_Task_creation/tasks.o
 *fill*         0x0000000000005f51        0x3 
 .rodata        0x0000000000005f54       0x4d Output/Debug/Obj/Free_RTOS_Task_creation/timers.o
 *fill*         0x0000000000005fa1        0x3 
 .rodata        0x0000000000005fa4       0x50 Output/Debug/Obj/Free_RTOS_Task_creation/app_button.o
 .rodata        0x0000000000005ff4       0x70 Output/Debug/Obj/Free_RTOS_Task_creation/app_error_weak.o
 .rodata        0x0000000000006064       0x49 Output/Debug/Obj/Free_RTOS_Task_creation/app_util_platform.o
 *fill*         0x00000000000060ad        0x3 
 .rodata        0x00000000000060b0       0x44 Output/Debug/Obj/Free_RTOS_Task_creation/nrf_balloc.o
 .rodata        0x00000000000060f4       0x44 Output/Debug/Obj/Free_RTOS_Task_creation/nrf_memobj.o
 .rodata.m_unknown_str
                0x0000000000006138       0x13 Output/Debug/Obj/Free_RTOS_Task_creation/nrf_strerror.o
 *fill*         0x000000000000614b        0x1 
 .rodata        0x000000000000614c      0x3bd Output/Debug/Obj/Free_RTOS_Task_creation/nrf_strerror.o
 *fill*         0x0000000000006509        0x3 
 .rodata.nrf_strerror_array
                0x000000000000650c      0x118 Output/Debug/Obj/Free_RTOS_Task_creation/nrf_strerror.o
 .rodata        0x0000000000006624       0x4b Output/Debug/Obj/Free_RTOS_Task_creation/nrf_drv_clock.o
 *fill*         0x000000000000666f        0x1 
 .rodata        0x0000000000006670       0x79 Output/Debug/Obj/Free_RTOS_Task_creation/nrfx_clock.o
 *fill*         0x00000000000066e9        0x3 
 .rodata        0x00000000000066ec       0xb2 Output/Debug/Obj/Free_RTOS_Task_creation/nrfx_gpiote.o
 *fill*         0x000000000000679e        0x2 
 .rodata        0x00000000000067a0      0x113 Output/Debug/Obj/Free_RTOS_Task_creation/main.o
 *fill*         0x00000000000068b3        0x1 
 .rodata        0x00000000000068b4       0x17 Output/Debug/Obj/Free_RTOS_Task_creation/SEGGER_RTT.o
 *fill*         0x00000000000068cb        0x1 
 .rodata._aV2C.0
                0x00000000000068cc       0x10 Output/Debug/Obj/Free_RTOS_Task_creation/SEGGER_RTT_printf.o
                0x00000000000068dc                . = ALIGN (MAX ((__rodata_start__ + 0x4), .), 0x4)
                0x00000000000068dc                __rodata_end__ = (__rodata_start__ + SIZEOF (.rodata))
                0x0000000000000bac                __rodata_size__ = SIZEOF (.rodata)
                0x00000000000068dc                __rodata_load_end__ = __rodata_end__

.rel.dyn        0x00000000000068dc        0x0
 .rel.iplt      0x00000000000068dc        0x0 Output/Debug/Obj/Free_RTOS_Task_creation/thumb_crt0.o
                0x0000000000000001                . = ASSERT (((__rodata_start__ == __rodata_end__) || ((__rodata_end__ - __FLASH1_segment_start__) <= __FLASH1_segment_size__)), error: .rodata is too large to fit in FLASH1 memory segment)
                0x00000000000068dc                __ARM.exidx_load_start__ = ALIGN (__rodata_end__, 0x4)

.ARM.exidx      0x00000000000068dc        0x0
                0x00000000000068dc                __ARM.exidx_start__ = .
                0x00000000000068dc                __exidx_start = __ARM.exidx_start__
 *(.ARM.exidx .ARM.exidx.*)
                0x00000000000068dc                __ARM.exidx_end__ = (__ARM.exidx_start__ + SIZEOF (.ARM.exidx))
                0x0000000000000000                __ARM.exidx_size__ = SIZEOF (.ARM.exidx)
                0x00000000000068dc                __exidx_end = __ARM.exidx_end__
                0x00000000000068dc                __ARM.exidx_load_end__ = __ARM.exidx_end__
                0x0000000000000001                . = ASSERT (((__ARM.exidx_start__ == __ARM.exidx_end__) || ((__ARM.exidx_end__ - __FLASH1_segment_start__) <= __FLASH1_segment_size__)), error: .ARM.exidx is too large to fit in FLASH1 memory segment)
                0x00000000000068dc                __fast_load_start__ = ALIGN (__ARM.exidx_end__, 0x4)

.fast           0x0000000020000000        0x0 load address 0x00000000000068dc
                0x0000000020000000                __fast_start__ = .
 *(.fast .fast.*)
                0x0000000020000000                __fast_end__ = (__fast_start__ + SIZEOF (.fast))
                0x0000000000000000                __fast_size__ = SIZEOF (.fast)
                0x00000000000068dc                __fast_load_end__ = (__fast_load_start__ + SIZEOF (.fast))
                0x0000000000000001                . = ASSERT (((__fast_load_start__ == __fast_load_end__) || ((__fast_load_end__ - __FLASH1_segment_start__) <= __FLASH1_segment_size__)), error: .fast is too large to fit in FLASH1 memory segment)

.fast_run       0x0000000020000000        0x0
                0x0000000020000000                __fast_run_start__ = .
                0x0000000020000000                __fast_run_end__ = (__fast_run_start__ + SIZEOF (.fast))
                0x0000000000000000                __fast_run_size__ = (__fast_run_end__ - __fast_run_start__)
                0x0000000020000000                __fast_run_load_end__ = __fast_run_end__
                0x0000000000000001                . = ASSERT (((__fast_run_start__ == __fast_run_end__) || ((__fast_run_end__ - __RAM1_segment_start__) <= __RAM1_segment_size__)), error: .fast_run is too large to fit in RAM1 memory segment)
                0x00000000000068dc                __data_load_start__ = ALIGN ((__fast_load_start__ + SIZEOF (.fast)), 0x4)

.data           0x0000000020000000        0x8 load address 0x00000000000068dc
                0x0000000020000000                __data_start__ = .
 *(.data .data.* .gnu.linkonce.d.*)
 .data.m_buffer_mask
                0x0000000020000000        0x4 Output/Debug/Obj/Free_RTOS_Task_creation/nrf_log_frontend.o
 .data.SystemCoreClock
                0x0000000020000004        0x4 Output/Debug/Obj/Free_RTOS_Task_creation/system_nrf52840.o
                0x0000000020000004                SystemCoreClock
                0x0000000020000008                __data_end__ = (__data_start__ + SIZEOF (.data))
                0x0000000000000008                __data_size__ = SIZEOF (.data)
                0x00000000000068e4                __data_load_end__ = (__data_load_start__ + SIZEOF (.data))

.igot.plt       0x0000000100000000        0x0
 .igot.plt      0x0000000100000000        0x0 Output/Debug/Obj/Free_RTOS_Task_creation/thumb_crt0.o
                0x0000000000000001                . = ASSERT (((__data_load_start__ == __data_load_end__) || ((__data_load_end__ - __FLASH1_segment_start__) <= __FLASH1_segment_size__)), error: .data is too large to fit in FLASH1 memory segment)

.data_run       0x0000000020000000        0x0
                0x0000000020000000                __data_run_start__ = .
                0x0000000020000008                __data_run_end__ = (__data_run_start__ + SIZEOF (.data))
                0x0000000000000008                __data_run_size__ = (__data_run_end__ - __data_run_start__)
                0x0000000020000008                __data_run_load_end__ = __data_run_end__
                0x0000000000000001                . = ASSERT (((__data_run_start__ == __data_run_end__) || ((__data_run_end__ - __RAM1_segment_start__) <= __RAM1_segment_size__)), error: .data_run is too large to fit in RAM1 memory segment)
                0x00000000000068e4                __tdata_load_start__ = ALIGN ((__data_load_start__ + SIZEOF (.data)), 0x4)

.tdata          0x0000000020000008        0x0 load address 0x00000000000068e4
                0x0000000020000008                __tdata_start__ = .
 *(.tdata .tdata.*)
                0x0000000020000008                __tdata_end__ = (__tdata_start__ + SIZEOF (.tdata))
                0x0000000000000000                __tdata_size__ = SIZEOF (.tdata)
                0x00000000000068e4                __tdata_load_end__ = (__tdata_load_start__ + SIZEOF (.tdata))
                0x00000000000068e4                __FLASH1_segment_used_end__ = (ALIGN ((__data_load_start__ + SIZEOF (.data)), 0x4) + SIZEOF (.tdata))
                0x00000000000068e4                __FLASH1_segment_used_size__ = (__FLASH1_segment_used_end__ - __FLASH1_segment_start__)
                0x0000000000000001                . = ASSERT (((__tdata_load_start__ == __tdata_load_end__) || ((__tdata_load_end__ - __FLASH1_segment_start__) <= __FLASH1_segment_size__)), error: .tdata is too large to fit in FLASH1 memory segment)

.tdata_run      0x0000000020000008        0x0
                0x0000000020000008                __tdata_run_start__ = .
                0x0000000020000008                __tdata_run_end__ = (__tdata_run_start__ + SIZEOF (.tdata))
                0x0000000000000000                __tdata_run_size__ = (__tdata_run_end__ - __tdata_run_start__)
                0x0000000020000008                __tdata_run_load_end__ = __tdata_run_end__
                0x0000000000000001                . = ASSERT (((__tdata_run_start__ == __tdata_run_end__) || ((__tdata_run_end__ - __RAM1_segment_start__) <= __RAM1_segment_size__)), error: .tdata_run is too large to fit in RAM1 memory segment)
                0x0000000020000008                __bss_load_start__ = ALIGN (__tdata_run_end__, 0x4)

.bss            0x0000000020000008     0x2984
                0x0000000020000008                __bss_start__ = .
 *(.bss .bss.* .gnu.linkonce.b.*)
 .bss.log_mempool_nrf_balloc_pool_stack
                0x0000000020000008        0x8 Output/Debug/Obj/Free_RTOS_Task_creation/nrf_log_frontend.o
 .bss.log_mempool_nrf_balloc_pool_mem
                0x0000000020000010       0xc0 Output/Debug/Obj/Free_RTOS_Task_creation/nrf_log_frontend.o
 .bss.log_mempool_nrf_balloc_cb
                0x00000000200000d0        0x8 Output/Debug/Obj/Free_RTOS_Task_creation/nrf_log_frontend.o
 .bss.m_log_data
                0x00000000200000d8      0x420 Output/Debug/Obj/Free_RTOS_Task_creation/nrf_log_frontend.o
 .bss.ucHeap    0x00000000200004f8     0x2000 Output/Debug/Obj/Free_RTOS_Task_creation/heap_1.o
 .bss.xNextFreeByte
                0x00000000200024f8        0x4 Output/Debug/Obj/Free_RTOS_Task_creation/heap_1.o
 .bss.pucAlignedHeap.0
                0x00000000200024fc        0x4 Output/Debug/Obj/Free_RTOS_Task_creation/heap_1.o
 .bss.uxCriticalNesting
                0x0000000020002500        0x4 Output/Debug/Obj/Free_RTOS_Task_creation/port_cmsis.o
 .bss.ucMaxSysCallPriority
                0x0000000020002504        0x1 Output/Debug/Obj/Free_RTOS_Task_creation/port_cmsis.o
 *fill*         0x0000000020002505        0x3 
 .bss.ulMaxPRIGROUPValue
                0x0000000020002508        0x4 Output/Debug/Obj/Free_RTOS_Task_creation/port_cmsis.o
 .bss.xQueueRegistry
                0x000000002000250c       0x10 Output/Debug/Obj/Free_RTOS_Task_creation/queue.o
                0x000000002000250c                xQueueRegistry
 .bss.pxCurrentTCB
                0x000000002000251c        0x4 Output/Debug/Obj/Free_RTOS_Task_creation/tasks.o
                0x000000002000251c                pxCurrentTCB
 .bss.pxReadyTasksLists
                0x0000000020002520       0x3c Output/Debug/Obj/Free_RTOS_Task_creation/tasks.o
 .bss.xDelayedTaskList1
                0x000000002000255c       0x14 Output/Debug/Obj/Free_RTOS_Task_creation/tasks.o
 .bss.xDelayedTaskList2
                0x0000000020002570       0x14 Output/Debug/Obj/Free_RTOS_Task_creation/tasks.o
 .bss.pxDelayedTaskList
                0x0000000020002584        0x4 Output/Debug/Obj/Free_RTOS_Task_creation/tasks.o
 .bss.pxOverflowDelayedTaskList
                0x0000000020002588        0x4 Output/Debug/Obj/Free_RTOS_Task_creation/tasks.o
 .bss.xPendingReadyList
                0x000000002000258c       0x14 Output/Debug/Obj/Free_RTOS_Task_creation/tasks.o
 .bss.xTasksWaitingTermination
                0x00000000200025a0       0x14 Output/Debug/Obj/Free_RTOS_Task_creation/tasks.o
 .bss.uxDeletedTasksWaitingCleanUp
                0x00000000200025b4        0x4 Output/Debug/Obj/Free_RTOS_Task_creation/tasks.o
 .bss.xSuspendedTaskList
                0x00000000200025b8       0x14 Output/Debug/Obj/Free_RTOS_Task_creation/tasks.o
 .bss.uxCurrentNumberOfTasks
                0x00000000200025cc        0x4 Output/Debug/Obj/Free_RTOS_Task_creation/tasks.o
 .bss.xTickCount
                0x00000000200025d0        0x4 Output/Debug/Obj/Free_RTOS_Task_creation/tasks.o
 .bss.uxTopReadyPriority
                0x00000000200025d4        0x4 Output/Debug/Obj/Free_RTOS_Task_creation/tasks.o
 .bss.xSchedulerRunning
                0x00000000200025d8        0x4 Output/Debug/Obj/Free_RTOS_Task_creation/tasks.o
 .bss.uxPendedTicks
                0x00000000200025dc        0x4 Output/Debug/Obj/Free_RTOS_Task_creation/tasks.o
 .bss.xYieldPending
                0x00000000200025e0        0x4 Output/Debug/Obj/Free_RTOS_Task_creation/tasks.o
 .bss.xNumOfOverflows
                0x00000000200025e4        0x4 Output/Debug/Obj/Free_RTOS_Task_creation/tasks.o
 .bss.uxTaskNumber
                0x00000000200025e8        0x4 Output/Debug/Obj/Free_RTOS_Task_creation/tasks.o
 .bss.xNextTaskUnblockTime
                0x00000000200025ec        0x4 Output/Debug/Obj/Free_RTOS_Task_creation/tasks.o
 .bss.xIdleTaskHandle
                0x00000000200025f0        0x4 Output/Debug/Obj/Free_RTOS_Task_creation/tasks.o
 .bss.uxSchedulerSuspended
                0x00000000200025f4        0x4 Output/Debug/Obj/Free_RTOS_Task_creation/tasks.o
 .bss.xActiveTimerList1
                0x00000000200025f8       0x14 Output/Debug/Obj/Free_RTOS_Task_creation/timers.o
 .bss.xActiveTimerList2
                0x000000002000260c       0x14 Output/Debug/Obj/Free_RTOS_Task_creation/timers.o
 .bss.pxCurrentTimerList
                0x0000000020002620        0x4 Output/Debug/Obj/Free_RTOS_Task_creation/timers.o
 .bss.pxOverflowTimerList
                0x0000000020002624        0x4 Output/Debug/Obj/Free_RTOS_Task_creation/timers.o
 .bss.xTimerQueue
                0x0000000020002628        0x4 Output/Debug/Obj/Free_RTOS_Task_creation/timers.o
 .bss.xTimerTaskHandle
                0x000000002000262c        0x4 Output/Debug/Obj/Free_RTOS_Task_creation/timers.o
 .bss.xLastTime.0
                0x0000000020002630        0x4 Output/Debug/Obj/Free_RTOS_Task_creation/timers.o
 .bss.m_error_data.0
                0x0000000020002634       0x20 Output/Debug/Obj/Free_RTOS_Task_creation/app_error.o
 .bss.m_in_critical_region
                0x0000000020002654        0x4 Output/Debug/Obj/Free_RTOS_Task_creation/app_util_platform.o
 .bss.m_clock_cb
                0x0000000020002658       0x14 Output/Debug/Obj/Free_RTOS_Task_creation/nrf_drv_clock.o
 .bss.m_clock_cb
                0x000000002000266c        0x8 Output/Debug/Obj/Free_RTOS_Task_creation/nrfx_clock.o
 .bss.m_cb      0x0000000020002674       0x6c Output/Debug/Obj/Free_RTOS_Task_creation/nrfx_gpiote.o
 .bss.led_toggle_task_handle
                0x00000000200026e0        0x4 Output/Debug/Obj/Free_RTOS_Task_creation/main.o
                0x00000000200026e0                led_toggle_task_handle
 .bss.red_led_taskhandle
                0x00000000200026e4        0x4 Output/Debug/Obj/Free_RTOS_Task_creation/main.o
                0x00000000200026e4                red_led_taskhandle
 .bss.green_led_taskhandle
                0x00000000200026e8        0x4 Output/Debug/Obj/Free_RTOS_Task_creation/main.o
                0x00000000200026e8                green_led_taskhandle
 .bss.blue_led_taskhandle
                0x00000000200026ec        0x4 Output/Debug/Obj/Free_RTOS_Task_creation/main.o
                0x00000000200026ec                blue_led_taskhandle
 .bss.suspend_monitor
                0x00000000200026f0        0x4 Output/Debug/Obj/Free_RTOS_Task_creation/main.o
                0x00000000200026f0                suspend_monitor
 .bss.resume_monitor
                0x00000000200026f4        0x4 Output/Debug/Obj/Free_RTOS_Task_creation/main.o
                0x00000000200026f4                resume_monitor
 .bss.is_task_suspended
                0x00000000200026f8        0x1 Output/Debug/Obj/Free_RTOS_Task_creation/main.o
                0x00000000200026f8                is_task_suspended
 *fill*         0x00000000200026f9        0x3 
 .bss.red_suspend_monitor
                0x00000000200026fc        0x4 Output/Debug/Obj/Free_RTOS_Task_creation/main.o
                0x00000000200026fc                red_suspend_monitor
 .bss._SEGGER_RTT
                0x0000000020002700       0x78 Output/Debug/Obj/Free_RTOS_Task_creation/SEGGER_RTT.o
                0x0000000020002700                _SEGGER_RTT
 .bss._acUpBuffer
                0x0000000020002778      0x200 Output/Debug/Obj/Free_RTOS_Task_creation/SEGGER_RTT.o
 .bss._acDownBuffer
                0x0000000020002978       0x10 Output/Debug/Obj/Free_RTOS_Task_creation/SEGGER_RTT.o
 .bss.__SEGGER_RTL_heap_globals
                0x0000000020002988        0x4 C:/Program Files/SEGGER/SEGGER Embedded Studio for ARM 6.30/lib/heapops_basic_v7em_little.a(heapops_basic.o)
 *(COMMON)
                0x000000002000298c                __bss_end__ = (__bss_start__ + SIZEOF (.bss))
                0x0000000000002984                __bss_size__ = SIZEOF (.bss)
                0x000000002000298c                __bss_load_end__ = __bss_end__
                0x0000000000000001                . = ASSERT (((__bss_start__ == __bss_end__) || ((__bss_end__ - __RAM1_segment_start__) <= __RAM1_segment_size__)), error: .bss is too large to fit in RAM1 memory segment)
                0x000000002000298c                __tbss_load_start__ = ALIGN (__bss_end__, 0x4)

.tbss           0x000000002000298c        0x0
                0x000000002000298c                __tbss_start__ = .
 *(.tbss .tbss.*)
                0x000000002000298c                __tbss_end__ = (__tbss_start__ + SIZEOF (.tbss))
                0x0000000000000000                __tbss_size__ = SIZEOF (.tbss)
                0x000000002000298c                __tbss_load_end__ = __tbss_end__
                0x0000000000000001                . = ASSERT (((__tbss_start__ == __tbss_end__) || ((__tbss_end__ - __RAM1_segment_start__) <= __RAM1_segment_size__)), error: .tbss is too large to fit in RAM1 memory segment)
                0x000000002000298c                __non_init_load_start__ = ALIGN (__tbss_end__, 0x4)

.non_init       0x000000002000298c        0x0
                0x000000002000298c                __non_init_start__ = .
 *(.non_init .non_init.*)
                0x000000002000298c                __non_init_end__ = (__non_init_start__ + SIZEOF (.non_init))
                0x0000000000000000                __non_init_size__ = SIZEOF (.non_init)
                0x000000002000298c                __non_init_load_end__ = __non_init_end__
                0x0000000000000001                . = ASSERT (((__non_init_start__ == __non_init_end__) || ((__non_init_end__ - __RAM1_segment_start__) <= __RAM1_segment_size__)), error: .non_init is too large to fit in RAM1 memory segment)
                0x000000002000298c                __heap_load_start__ = ALIGN (__non_init_end__, 0x4)

.heap           0x000000002000298c     0x2000
                0x000000002000298c                __heap_start__ = .
 *(.heap .heap.*)
                0x000000002000498c                . = ALIGN (MAX ((__heap_start__ + __HEAPSIZE__), .), 0x4)
 *fill*         0x000000002000298c     0x2000 
                0x000000002000498c                __heap_end__ = (__heap_start__ + SIZEOF (.heap))
                0x0000000000002000                __heap_size__ = SIZEOF (.heap)
                0x000000002000498c                __heap_load_end__ = __heap_end__
                0x0000000000000001                . = ASSERT (((__heap_start__ == __heap_end__) || ((__heap_end__ - __RAM1_segment_start__) <= __RAM1_segment_size__)), error: .heap is too large to fit in RAM1 memory segment)
                0x000000002003e000                __stack_load_start__ = (__RAM1_segment_start__ + (__RAM1_segment_size__ - 0x2000))

.stack          0x000000002003e000     0x2000
                0x000000002003e000                __stack_start__ = .
                0x000000002003e000                __StackLimit = __stack_start__
 *(.stack .stack.*)
                0x0000000020040000                . = ALIGN (MAX ((__stack_start__ + __STACKSIZE__), .), 0x8)
 *fill*         0x000000002003e000     0x2000 
                0x0000000020040000                __stack_end__ = (__stack_start__ + SIZEOF (.stack))
                0x0000000000002000                __stack_size__ = SIZEOF (.stack)
                0x0000000020040000                __StackTop = __stack_end__
                0x0000000020040000                __stack_load_end__ = __stack_end__
                0x0000000000000001                . = ASSERT (((__stack_start__ == __stack_end__) || ((__stack_end__ - __RAM1_segment_start__) <= __RAM1_segment_size__)), error: .stack is too large to fit in RAM1 memory segment)
                0x0000000000000001                . = ASSERT ((__heap_end__ <= __stack_start__), error: section .heap overlaps absolute placed section .stack)
                0x0000000020040000                __stack_process_load_start__ = ALIGN (__stack_end__, 0x8)

.stack_process  0x0000000020040000        0x0
                0x0000000020040000                __stack_process_start__ = .
 *(.stack_process .stack_process.*)
                0x0000000020040000                . = ALIGN (MAX ((__stack_process_start__ + __STACKSIZE_PROCESS__), .), 0x8)
                0x0000000020040000                __stack_process_end__ = (__stack_process_start__ + SIZEOF (.stack_process))
                0x0000000000000000                __stack_process_size__ = SIZEOF (.stack_process)
                0x0000000020040000                __stack_process_load_end__ = __stack_process_end__
                0x0000000020040000                __RAM1_segment_used_end__ = (ALIGN (__stack_end__, 0x8) + SIZEOF (.stack_process))
                0x0000000000040000                __RAM1_segment_used_size__ = (__RAM1_segment_used_end__ - __RAM1_segment_start__)
                0x0000000000000001                . = ASSERT (((__stack_process_start__ == __stack_process_end__) || ((__stack_process_end__ - __RAM1_segment_start__) <= __RAM1_segment_size__)), error: .stack_process is too large to fit in RAM1 memory segment)
START GROUP
LOAD Output/Debug/Obj/Free_RTOS_Task_creation/thumb_crt0.o
LOAD Output/Debug/Obj/Free_RTOS_Task_creation/nrf_log_frontend.o
LOAD Output/Debug/Obj/Free_RTOS_Task_creation/nrf_log_str_formatter.o
LOAD Output/Debug/Obj/Free_RTOS_Task_creation/boards.o
LOAD Output/Debug/Obj/Free_RTOS_Task_creation/croutine.o
LOAD Output/Debug/Obj/Free_RTOS_Task_creation/event_groups.o
LOAD Output/Debug/Obj/Free_RTOS_Task_creation/heap_1.o
LOAD Output/Debug/Obj/Free_RTOS_Task_creation/list.o
LOAD Output/Debug/Obj/Free_RTOS_Task_creation/port.o
LOAD Output/Debug/Obj/Free_RTOS_Task_creation/port_cmsis.o
LOAD Output/Debug/Obj/Free_RTOS_Task_creation/port_cmsis_systick.o
LOAD Output/Debug/Obj/Free_RTOS_Task_creation/queue.o
LOAD Output/Debug/Obj/Free_RTOS_Task_creation/stream_buffer.o
LOAD Output/Debug/Obj/Free_RTOS_Task_creation/tasks.o
LOAD Output/Debug/Obj/Free_RTOS_Task_creation/timers.o
LOAD Output/Debug/Obj/Free_RTOS_Task_creation/app_button.o
LOAD Output/Debug/Obj/Free_RTOS_Task_creation/app_error.o
LOAD Output/Debug/Obj/Free_RTOS_Task_creation/app_error_handler_gcc.o
LOAD Output/Debug/Obj/Free_RTOS_Task_creation/app_error_weak.o
LOAD Output/Debug/Obj/Free_RTOS_Task_creation/app_timer_freertos.o
LOAD Output/Debug/Obj/Free_RTOS_Task_creation/app_util_platform.o
LOAD Output/Debug/Obj/Free_RTOS_Task_creation/nrf_assert.o
LOAD Output/Debug/Obj/Free_RTOS_Task_creation/nrf_atomic.o
LOAD Output/Debug/Obj/Free_RTOS_Task_creation/nrf_balloc.o
LOAD Output/Debug/Obj/Free_RTOS_Task_creation/nrf_fprintf.o
LOAD Output/Debug/Obj/Free_RTOS_Task_creation/nrf_fprintf_format.o
LOAD Output/Debug/Obj/Free_RTOS_Task_creation/nrf_memobj.o
LOAD Output/Debug/Obj/Free_RTOS_Task_creation/nrf_ringbuf.o
LOAD Output/Debug/Obj/Free_RTOS_Task_creation/nrf_strerror.o
LOAD Output/Debug/Obj/Free_RTOS_Task_creation/nrf_drv_clock.o
LOAD Output/Debug/Obj/Free_RTOS_Task_creation/nrf_nvic.o
LOAD Output/Debug/Obj/Free_RTOS_Task_creation/nrf_soc.o
LOAD Output/Debug/Obj/Free_RTOS_Task_creation/nrfx_atomic.o
LOAD Output/Debug/Obj/Free_RTOS_Task_creation/nrfx_clock.o
LOAD Output/Debug/Obj/Free_RTOS_Task_creation/nrfx_gpiote.o
LOAD Output/Debug/Obj/Free_RTOS_Task_creation/bsp.o
LOAD Output/Debug/Obj/Free_RTOS_Task_creation/main.o
LOAD Output/Debug/Obj/Free_RTOS_Task_creation/ses_startup_nrf52840.o
LOAD Output/Debug/Obj/Free_RTOS_Task_creation/ses_startup_nrf_common.o
LOAD Output/Debug/Obj/Free_RTOS_Task_creation/system_nrf52840.o
LOAD Output/Debug/Obj/Free_RTOS_Task_creation/SEGGER_RTT.o
LOAD Output/Debug/Obj/Free_RTOS_Task_creation/SEGGER_RTT_printf.o
LOAD C:/Users/pradeep1/AppData/Local/SEGGER/SEGGER Embedded Studio/v3/packages/libraries/libcxx/lib/libcxx_noexcept_v7em_fpv4_sp_d16_hard_t_le_eabi_balanced.a
LOAD C:/Program Files/SEGGER/SEGGER Embedded Studio for ARM 6.30/lib/libc_v7em_fpv4_sp_d16_hard_t_le_eabi_balanced.a
LOAD C:/Program Files/SEGGER/SEGGER Embedded Studio for ARM 6.30/lib/heapops_basic_v7em_little.a
END GROUP
OUTPUT(C:/nRF5_SDK_17.1.0_ddde560/examples/peripheral/4.Task_Suspend_resume/pca10056/blank/ses/Output/Debug/Exe/Free_RTOS_Task_creation.elf elf32-littlearm)
LOAD linker stubs

.ARM.attributes
                0x0000000000000000       0x36
 .ARM.attributes
                0x0000000000000000       0x20 Output/Debug/Obj/Free_RTOS_Task_creation/thumb_crt0.o
 .ARM.attributes
                0x0000000000000020       0x36 Output/Debug/Obj/Free_RTOS_Task_creation/nrf_log_frontend.o
 .ARM.attributes
                0x0000000000000056       0x36 Output/Debug/Obj/Free_RTOS_Task_creation/boards.o
 .ARM.attributes
                0x000000000000008c       0x36 Output/Debug/Obj/Free_RTOS_Task_creation/heap_1.o
 .ARM.attributes
                0x00000000000000c2       0x36 Output/Debug/Obj/Free_RTOS_Task_creation/list.o
 .ARM.attributes
                0x00000000000000f8       0x36 Output/Debug/Obj/Free_RTOS_Task_creation/port.o
 .ARM.attributes
                0x000000000000012e       0x36 Output/Debug/Obj/Free_RTOS_Task_creation/port_cmsis.o
 .ARM.attributes
                0x0000000000000164       0x36 Output/Debug/Obj/Free_RTOS_Task_creation/port_cmsis_systick.o
 .ARM.attributes
                0x000000000000019a       0x36 Output/Debug/Obj/Free_RTOS_Task_creation/queue.o
 .ARM.attributes
                0x00000000000001d0       0x36 Output/Debug/Obj/Free_RTOS_Task_creation/tasks.o
 .ARM.attributes
                0x0000000000000206       0x36 Output/Debug/Obj/Free_RTOS_Task_creation/timers.o
 .ARM.attributes
                0x000000000000023c       0x36 Output/Debug/Obj/Free_RTOS_Task_creation/app_button.o
 .ARM.attributes
                0x0000000000000272       0x36 Output/Debug/Obj/Free_RTOS_Task_creation/app_error.o
 .ARM.attributes
                0x00000000000002a8       0x36 Output/Debug/Obj/Free_RTOS_Task_creation/app_error_handler_gcc.o
 .ARM.attributes
                0x00000000000002de       0x36 Output/Debug/Obj/Free_RTOS_Task_creation/app_error_weak.o
 .ARM.attributes
                0x0000000000000314       0x36 Output/Debug/Obj/Free_RTOS_Task_creation/app_util_platform.o
 .ARM.attributes
                0x000000000000034a       0x36 Output/Debug/Obj/Free_RTOS_Task_creation/nrf_assert.o
 .ARM.attributes
                0x0000000000000380       0x36 Output/Debug/Obj/Free_RTOS_Task_creation/nrf_atomic.o
 .ARM.attributes
                0x00000000000003b6       0x36 Output/Debug/Obj/Free_RTOS_Task_creation/nrf_balloc.o
 .ARM.attributes
                0x00000000000003ec       0x36 Output/Debug/Obj/Free_RTOS_Task_creation/nrf_memobj.o
 .ARM.attributes
                0x0000000000000422       0x36 Output/Debug/Obj/Free_RTOS_Task_creation/nrf_strerror.o
 .ARM.attributes
                0x0000000000000458       0x36 Output/Debug/Obj/Free_RTOS_Task_creation/nrf_drv_clock.o
 .ARM.attributes
                0x000000000000048e       0x36 Output/Debug/Obj/Free_RTOS_Task_creation/nrfx_clock.o
 .ARM.attributes
                0x00000000000004c4       0x36 Output/Debug/Obj/Free_RTOS_Task_creation/nrfx_gpiote.o
 .ARM.attributes
                0x00000000000004fa       0x36 Output/Debug/Obj/Free_RTOS_Task_creation/main.o
 .ARM.attributes
                0x0000000000000530       0x20 Output/Debug/Obj/Free_RTOS_Task_creation/ses_startup_nrf52840.o
 .ARM.attributes
                0x0000000000000550       0x20 Output/Debug/Obj/Free_RTOS_Task_creation/ses_startup_nrf_common.o
 .ARM.attributes
                0x0000000000000570       0x36 Output/Debug/Obj/Free_RTOS_Task_creation/system_nrf52840.o
 .ARM.attributes
                0x00000000000005a6       0x36 Output/Debug/Obj/Free_RTOS_Task_creation/SEGGER_RTT.o
 .ARM.attributes
                0x00000000000005dc       0x36 Output/Debug/Obj/Free_RTOS_Task_creation/SEGGER_RTT_printf.o
 .ARM.attributes
                0x0000000000000612       0x20 C:/Program Files/SEGGER/SEGGER Embedded Studio for ARM 6.30/lib/libc_v7em_fpv4_sp_d16_hard_t_le_eabi_balanced.a(strasmops_arm.o)

.comment        0x0000000000000000       0x35
 .comment       0x0000000000000000       0x35 Output/Debug/Obj/Free_RTOS_Task_creation/nrf_log_frontend.o
                                         0x36 (size before relaxing)
 .comment       0x0000000000000035       0x36 Output/Debug/Obj/Free_RTOS_Task_creation/boards.o
 .comment       0x0000000000000035       0x36 Output/Debug/Obj/Free_RTOS_Task_creation/heap_1.o
 .comment       0x0000000000000035       0x36 Output/Debug/Obj/Free_RTOS_Task_creation/list.o
 .comment       0x0000000000000035       0x36 Output/Debug/Obj/Free_RTOS_Task_creation/port.o
 .comment       0x0000000000000035       0x36 Output/Debug/Obj/Free_RTOS_Task_creation/port_cmsis.o
 .comment       0x0000000000000035       0x36 Output/Debug/Obj/Free_RTOS_Task_creation/port_cmsis_systick.o
 .comment       0x0000000000000035       0x36 Output/Debug/Obj/Free_RTOS_Task_creation/queue.o
 .comment       0x0000000000000035       0x36 Output/Debug/Obj/Free_RTOS_Task_creation/tasks.o
 .comment       0x0000000000000035       0x36 Output/Debug/Obj/Free_RTOS_Task_creation/timers.o
 .comment       0x0000000000000035       0x36 Output/Debug/Obj/Free_RTOS_Task_creation/app_button.o
 .comment       0x0000000000000035       0x36 Output/Debug/Obj/Free_RTOS_Task_creation/app_error.o
 .comment       0x0000000000000035       0x36 Output/Debug/Obj/Free_RTOS_Task_creation/app_error_handler_gcc.o
 .comment       0x0000000000000035       0x36 Output/Debug/Obj/Free_RTOS_Task_creation/app_error_weak.o
 .comment       0x0000000000000035       0x36 Output/Debug/Obj/Free_RTOS_Task_creation/app_util_platform.o
 .comment       0x0000000000000035       0x36 Output/Debug/Obj/Free_RTOS_Task_creation/nrf_assert.o
 .comment       0x0000000000000035       0x36 Output/Debug/Obj/Free_RTOS_Task_creation/nrf_atomic.o
 .comment       0x0000000000000035       0x36 Output/Debug/Obj/Free_RTOS_Task_creation/nrf_balloc.o
 .comment       0x0000000000000035       0x36 Output/Debug/Obj/Free_RTOS_Task_creation/nrf_memobj.o
 .comment       0x0000000000000035       0x36 Output/Debug/Obj/Free_RTOS_Task_creation/nrf_strerror.o
 .comment       0x0000000000000035       0x36 Output/Debug/Obj/Free_RTOS_Task_creation/nrf_drv_clock.o
 .comment       0x0000000000000035       0x36 Output/Debug/Obj/Free_RTOS_Task_creation/nrfx_clock.o
 .comment       0x0000000000000035       0x36 Output/Debug/Obj/Free_RTOS_Task_creation/nrfx_gpiote.o
 .comment       0x0000000000000035       0x36 Output/Debug/Obj/Free_RTOS_Task_creation/main.o
 .comment       0x0000000000000035       0x36 Output/Debug/Obj/Free_RTOS_Task_creation/system_nrf52840.o